# Tabular Link File created on Mon 12 Jan 2015 16:30:44
# By Program: design_flow
# From Source: /home/rhamburger/temp/all/geheugen.lst
# Clock_column: 0
INP clk;
INP reset;
INP enable;
INP wek_in_15_0_15;
INP wek_in_15_0_14;
INP wek_in_15_0_13;
INP wek_in_15_0_12;
INP wek_in_15_0_11;
INP wek_in_15_0_10;
INP wek_in_15_0_9;
INP wek_in_15_0_8;
INP wek_in_15_0_7;
INP wek_in_15_0_6;
INP wek_in_15_0_5;
INP wek_in_15_0_4;
INP wek_in_15_0_3;
INP wek_in_15_0_2;
INP wek_in_15_0_1;
INP wek_in_15_0_0;
OUT wek_out_15_0_15;
OUT wek_out_15_0_14;
OUT wek_out_15_0_13;
OUT wek_out_15_0_12;
OUT wek_out_15_0_11;
OUT wek_out_15_0_10;
OUT wek_out_15_0_9;
OUT wek_out_15_0_8;
OUT wek_out_15_0_7;
OUT wek_out_15_0_6;
OUT wek_out_15_0_5;
OUT wek_out_15_0_4;
OUT wek_out_15_0_3;
OUT wek_out_15_0_2;
OUT wek_out_15_0_1;
OUT wek_out_15_0_0;
PERIOD 40ns;
TIME_UNIT 1.0e-10s;
TABLE_FORMAT D<35c;
DATA_SECTION
             00<LHLLLLLLLLLLLLLLLLHxxxxxxxxxxxxxxxx
            200<HHLLLLLLLLLLLLLLLLHllllllllllllllll
            400<LHLLLLLLLLLLLLLLLLHllllllllllllllll
            600<HHLLLLLLLLLLLLLLLLHllllllllllllllll
            700<HHLLLLLLLLLLLLLLLHLllllllllllllllll
            800<LHLLLLLLLLLLLLLLLHLllllllllllllllll
            850<LLLLLLLLLLLLLLLLLHLllllllllllllllll
           1000<HLLLLLLLLLLLLLLLLHLllllllllllllllll
           1100<HLLLLLLLLLLLLLLLLHHllllllllllllllll
           1200<LLLLLLLLLLLLLLLLLHHllllllllllllllll
           1400<HLLLLLLLLLLLLLLLLHHllllllllllllllll
           1500<HLHLLLLLLLLLLLLLHLLllllllllllllllll
           1600<LLHLLLLLLLLLLLLLHLLllllllllllllllll
           1800<HLHLLLLLLLLLLLLLHLLlllllllllllllhll
           1900<HLHLLLLLLLLLLLLLHLHlllllllllllllhll
           2000<LLHLLLLLLLLLLLLLHLHlllllllllllllhll
           2200<HLHLLLLLLLLLLLLLHLHlllllllllllllhlh
           2300<HLHLLLLLLLLLLLLLHHLlllllllllllllhlh
           2400<LLHLLLLLLLLLLLLLHHLlllllllllllllhlh
           2600<HLHLLLLLLLLLLLLLHHLlllllllllllllhhl
           2700<HLHLLLLLLLLLLLLLHHHlllllllllllllhhl
           2800<LLHLLLLLLLLLLLLLHHHlllllllllllllhhl
           2900<LLLLLLLLLLLLLLLLHHHlllllllllllllhhl
           3000<HLLLLLLLLLLLLLLLHHHlllllllllllllhhl
           3100<HLLLLLLLLLLLLLLHLLLlllllllllllllhhl
           3200<LLLLLLLLLLLLLLLHLLLlllllllllllllhhl
           3400<HLLLLLLLLLLLLLLHLLLlllllllllllllhhl
           3500<HLLLLLLLLLLLLLLHLLHlllllllllllllhhl
           3600<LLLLLLLLLLLLLLLHLLHlllllllllllllhhl
           3800<HLLLLLLLLLLLLLLHLLHlllllllllllllhhl
           3900<HLLLLLLLLLLLLLLHLHLlllllllllllllhhl
           4000<LLLLLLLLLLLLLLLHLHLlllllllllllllhhl
           4200<HLLLLLLLLLLLLLLHLHLlllllllllllllhhl
           4300<HLLLLLLLLLLLLLLHLHHlllllllllllllhhl
           4400<LLLLLLLLLLLLLLLHLHHlllllllllllllhhl
           4600<HLLLLLLLLLLLLLLHLHHlllllllllllllhhl
           4700<HLLLLLLLLLLLLLLHHLLlllllllllllllhhl
           4800<LLLLLLLLLLLLLLLHHLLlllllllllllllhhl
           5000<HLLLLLLLLLLLLLLHHLLlllllllllllllhhl
           5100<HLLLLLLLLLLLLLLHHLHlllllllllllllhhl
           5200<LLLLLLLLLLLLLLLHHLHlllllllllllllhhl
           5400<HLLLLLLLLLLLLLLHHLHlllllllllllllhhl
           5500<HLLLLLLLLLLLLLLHHHLlllllllllllllhhl
           5600<LLLLLLLLLLLLLLLHHHLlllllllllllllhhl
           5800<HLLLLLLLLLLLLLLHHHLlllllllllllllhhl
           5900<HLHLLLLLLLLLLLLHHHHlllllllllllllhhl
           6000<LLHLLLLLLLLLLLLHHHHlllllllllllllhhl
           6200<HLHLLLLLLLLLLLLHHHHllllllllllllhhhh
           6300<HLHLLLLLLLLLLLHLLLLllllllllllllhhhh
           6400<LLHLLLLLLLLLLLHLLLLllllllllllllhhhh
           6600<HLHLLLLLLLLLLLHLLLLlllllllllllhllll
           6800<LLHLLLLLLLLLLLHLLLHlllllllllllhllll
           7000<HLHLLLLLLLLLLLHLLLHlllllllllllhlllh
           7200<LLHLLLLLLLLLLLHLLLHlllllllllllhlllh
           7350<LLHLLLLLLLLLLLHLLHLlllllllllllhlllh
           7400<HLHLLLLLLLLLLLHLLHLlllllllllllhllhl
           7600<LLHLLLLLLLLLLLHLLHLlllllllllllhllhl
           7790<LLHLLLLLLLLLLLHLHHHlllllllllllhllhl
           7800<HLHLLLLLLLLLLLHLHHHlllllllllllhlhhh
           8000<LLHLLLLLLLLLLLHLHHHlllllllllllhlhhh
           8200<HLHLLLLLLLLLLLHLHHHlllllllllllhlhhh
           8400<LLHLLLLLLLLLLLHLHHHlllllllllllhlhhh
           8600<HLHLLLLLLLLLLLHLHHHlllllllllllhlhhh
           8800<LLHLLLLLLLLLLLHLHHHlllllllllllhlhhh
           9000<HLHLLLLLLLLLLLHLHHHlllllllllllhlhhh
           9200<LLHLLLLLLLLLLLHLHHHlllllllllllhlhhh
           9400<HLHLLLLLLLLLLLHLHHHlllllllllllhlhhh
           9600<LLHLLLLLLLLLLLHLHHHlllllllllllhlhhh
           9800<HLHLLLLLLLLLLLHLHHHlllllllllllhlhhh
          10000<LLHLLLLLLLLLLLHLHHHlllllllllllhlhhh
          10200<HLHLLLLLLLLLLLHLHHHlllllllllllhlhhh
          10400<LLHLLLLLLLLLLLHLHHHlllllllllllhlhhh
          10600<HLHLLLLLLLLLLLHLHHHlllllllllllhlhhh
          10800<LLHLLLLLLLLLLLHLHHHlllllllllllhlhhh
          11000<HLHLLLLLLLLLLLHLHHHlllllllllllhlhhh
          11200<LLHLLLLLLLLLLLHLHHHlllllllllllhlhhh
          11400<HLHLLLLLLLLLLLHLHHHlllllllllllhlhhh
          11600<LLHLLLLLLLLLLLHLHHHlllllllllllhlhhh
          11800<HLHLLLLLLLLLLLHLHHHlllllllllllhlhhh
          12000<LLHLLLLLLLLLLLHLHHHlllllllllllhlhhh
          12200<HLHLLLLLLLLLLLHLHHHlllllllllllhlhhh
          12400<LLHLLLLLLLLLLLHLHHHlllllllllllhlhhh
          12600<HLHLLLLLLLLLLLHLHHHlllllllllllhlhhh
          12800<LLHLLLLLLLLLLLHLHHHlllllllllllhlhhh
          13000<HLHLLLLLLLLLLLHLHHHlllllllllllhlhhh
          13200<LLHLLLLLLLLLLLHLHHHlllllllllllhlhhh
          13400<HLHLLLLLLLLLLLHLHHHlllllllllllhlhhh
          13600<LLHLLLLLLLLLLLHLHHHlllllllllllhlhhh
          13800<HLHLLLLLLLLLLLHLHHHlllllllllllhlhhh
          14000<LLHLLLLLLLLLLLHLHHHlllllllllllhlhhh
          14200<HLHLLLLLLLLLLLHLHHHlllllllllllhlhhh
          14400<LLHLLLLLLLLLLLHLHHHlllllllllllhlhhh
          14600<HLHLLLLLLLLLLLHLHHHlllllllllllhlhhh
          14800<LLHLLLLLLLLLLLHLHHHlllllllllllhlhhh
          15000<HLHLLLLLLLLLLLHLHHHlllllllllllhlhhh
          15200<LLHLLLLLLLLLLLHLHHHlllllllllllhlhhh
          15400<HLHLLLLLLLLLLLHLHHHlllllllllllhlhhh
          15600<LLHLLLLLLLLLLLHLHHHlllllllllllhlhhh
          15800<HLHLLLLLLLLLLLHLHHHlllllllllllhlhhh
          16000<LLHLLLLLLLLLLLHLHHHlllllllllllhlhhh
          16200<HLHLLLLLLLLLLLHLHHHlllllllllllhlhhh
          16400<LLHLLLLLLLLLLLHLHHHlllllllllllhlhhh
          16600<HLHLLLLLLLLLLLHLHHHlllllllllllhlhhh
          16800<LLHLLLLLLLLLLLHLHHHlllllllllllhlhhh
          17000<HLHLLLLLLLLLLLHLHHHlllllllllllhlhhh
          17200<LLHLLLLLLLLLLLHLHHHlllllllllllhlhhh
          17400<HLHLLLLLLLLLLLHLHHHlllllllllllhlhhh
          17600<LLHLLLLLLLLLLLHLHHHlllllllllllhlhhh
          17800<HLHLLLLLLLLLLLHLHHHlllllllllllhlhhh
          18000<LLHLLLLLLLLLLLHLHHHlllllllllllhlhhh
          18200<HLHLLLLLLLLLLLHLHHHlllllllllllhlhhh
          18400<LLHLLLLLLLLLLLHLHHHlllllllllllhlhhh
          18600<HLHLLLLLLLLLLLHLHHHlllllllllllhlhhh
          18800<LLHLLLLLLLLLLLHLHHHlllllllllllhlhhh
          19000<HLHLLLLLLLLLLLHLHHHlllllllllllhlhhh
          19200<LLHLLLLLLLLLLLHLHHHlllllllllllhlhhh
          19400<HLHLLLLLLLLLLLHLHHHlllllllllllhlhhh
          19600<LLHLLLLLLLLLLLHLHHHlllllllllllhlhhh
          19800<HLHLLLLLLLLLLLHLHHHlllllllllllhlhhh
          20000<LLHLLLLLLLLLLLHLHHHlllllllllllhlhhh


