# Tabular Link File created on Tue 13 Jan 2015 10:50:10
# By Program: design_flow
# From Source: /home/rhamburger/temp/all/menu.lst
# Clock_column: 0
INP clk;
INP reset;
INP knoppen_3_0_3;
INP knoppen_3_0_2;
INP knoppen_3_0_1;
INP knoppen_3_0_0;
INP wekdata_15_0_15;
INP wekdata_15_0_14;
INP wekdata_15_0_13;
INP wekdata_15_0_12;
INP wekdata_15_0_11;
INP wekdata_15_0_10;
INP wekdata_15_0_9;
INP wekdata_15_0_8;
INP wekdata_15_0_7;
INP wekdata_15_0_6;
INP wekdata_15_0_5;
INP wekdata_15_0_4;
INP wekdata_15_0_3;
INP wekdata_15_0_2;
INP wekdata_15_0_1;
INP wekdata_15_0_0;
OUT enable;
OUT wekker_15_0_15;
OUT wekker_15_0_14;
OUT wekker_15_0_13;
OUT wekker_15_0_12;
OUT wekker_15_0_11;
OUT wekker_15_0_10;
OUT wekker_15_0_9;
OUT wekker_15_0_8;
OUT wekker_15_0_7;
OUT wekker_15_0_6;
OUT wekker_15_0_5;
OUT wekker_15_0_4;
OUT wekker_15_0_3;
OUT wekker_15_0_2;
OUT wekker_15_0_1;
OUT wekker_15_0_0;
OUT menu_signal_2_0_2;
OUT menu_signal_2_0_1;
OUT menu_signal_2_0_0;
PERIOD 40ns;
TIME_UNIT 1.0e-10s;
TABLE_FORMAT D<42c;
DATA_SECTION
             00<HHLLLLXXXXXXXXXXXXXXXXlxxxxxxxxxxxxxxxxlll
            200<LHLLLLLLLLHLLLLHLLLLLLlllllhllllhlllllllll
            400<HHLLLLLLLLHLLLLHLLLLLLlllllhllllhlllllllll
            600<LHLLLLLLLLHLLLLHLLLLLLlllllhllllhlllllllll
            620<LLLLLLLLLLHLLLLHLLLLLLlllllhllllhlllllllll
            680<LLLLHLLLLLHLLLLHLLLLLLlllllhllllhlllllllll
            800<HLLLHLLLLLHLLLLHLLLLLLhhlllhllllhlllllllll
           1000<LLLLHLLLLLHLLLLHLLLLLLhhlllhllllhlllllllll
           1200<HLLLHLLLLLHLLLLHLLLLLLlllllhllllhlllllllll
           1400<LLLLHLLLLLHLLLLHLLLLLLlllllhllllhlllllllll
           1480<LLLLLHLLLLHLLLLHLLLLLLlllllhllllhlllllllll
           1600<HLLLLHLLLLHLLLLHLLLLLLlllllhllllhllllllhlh
           1800<LLLLLHLLLLHLLLLHLLLLLLlllllhllllhllllllhlh
           2000<HLLLLHLLLLHLLLLHLLLLLLlllllhllllhlllllllll
           2200<LLLLLHLLLLHLLLLHLLLLLLlllllhllllhlllllllll
           2400<HLLLLHLLLLHLLLLHLLLLLLlllllhllllhllllllhlh
           2600<LLLLLHLLLLHLLLLHLLLLLLlllllhllllhllllllhlh
           2680<LLLLHLLLLLHLLLLHLLLLLLlllllhllllhllllllhlh
           2800<HLLLHLLLLLHLLLLHLLLLLLlllllhllllhllllllllh
           3000<LLLLHLLLLLHLLLLHLLLLLLlllllhllllhllllllllh
           3080<LLLHLLLLLLHLLLLHLLLLLLlllllhllllhllllllllh
           3200<HLLHLLLLLLHLLLLHLLLLLLhllllhlllhhllllllllh
           3400<LLLHLLLLLLHLLLLHLLLLLLhllllhlllhhllllllllh
           3480<LLLLLLLLLLHLLLLHLLLLLLhllllhlllhhllllllllh
           3600<HLLLLLLLLLHLLLLHLLLLLLlllllhllllhllllllllh
           3800<LLLLLLLLLLHLLLLHLLLLLLlllllhllllhllllllllh
           3880<LLHLLLLLLLHLLLLHLLLLLLlllllhllllhllllllllh
           4000<HLHLLLLLLLHLLLLHLLLLLLhlllllhllhhllllllllh
           4200<LLHLLLLLLLHLLLLHLLLLLLhlllllhllhhllllllllh
           4280<LLLLLLLLLLHLLLLHLLLLLLhlllllhllhhllllllllh
           4400<HLLLLLLLLLHLLLLHLLLLLLlllllhllllhllllllllh
           4600<LLLLLLLLLLHLLLLHLLLLLLlllllhllllhllllllllh
           4680<LLLLLHLLLLHLLLLHLLLLLLlllllhllllhllllllllh
           4800<HLLLLHLLLLHLLLLHLLLLLLlllllhllllhlllllllll
           5000<LLLLLHLLLLHLLLLHLLLLLLlllllhllllhlllllllll
           5200<HLLLLHLLLLHLLLLHLLLLLLlllllhllllhllllllhlh
           5400<LLLLLHLLLLHLLLLHLLLLLLlllllhllllhllllllhlh
           5480<LLLLHLLLLLHLLLLHLLLLLLlllllhllllhllllllhlh
           5600<HLLLHLLLLLHLLLLHLLLLLLlllllhllllhllllllllh
           5800<LLLLHLLLLLHLLLLHLLLLLLlllllhllllhllllllllh
           6000<HLLLHLLLLLHLLLLHLLLLLLlllllhllllhlllllllhl
           6200<LLLLHLLLLLHLLLLHLLLLLLlllllhllllhlllllllhl
           6280<LLLHLLLLLLHLLLLHLLLLLLlllllhllllhlllllllhl
           6400<HLLHLLLLLLHLLLLHLLLLLLhllllhllllhlllllhlhl
           6600<LLLHLLLLLLHLLLLHLLLLLLhllllhllllhlllllhlhl
           6680<LLLLLLLLLLHLLLLHLLLLLLhllllhllllhlllllhlhl
           6800<HLLLLLLLLLHLLLLHLLLLLLlllllhllllhlllllllhl
           7000<LLLLLLLLLLHLLLLHLLLLLLlllllhllllhlllllllhl
           7080<LLHLLLLLLLHLLLLHLLLLLLlllllhllllhlllllllhl
           7200<HLHLLLLLLLHLLLLHLLLLLLhllllhlllllhhhllhlhl
           7400<LLHLLLLLLLHLLLLHLLLLLLhllllhlllllhhhllhlhl
           7480<LLLLLLLLLLHLLLLHLLLLLLhllllhlllllhhhllhlhl
           7600<HLLLLLLLLLHLLLLHLLLLLLlllllhllllhlllllllhl
           7800<LLLLLLLLLLHLLLLHLLLLLLlllllhllllhlllllllhl
           7880<LLLLLHLLLLHLLLLHLLLLLLlllllhllllhlllllllhl
           8000<HLLLLHLLLLHLLLLHLLLLLLlllllhllllhlllllllll
           8200<LLLLLHLLLLHLLLLHLLLLLLlllllhllllhlllllllll
           8400<HLLLLHLLLLHLLLLHLLLLLLlllllhllllhllllllhlh
           8600<LLLLLHLLLLHLLLLHLLLLLLlllllhllllhllllllhlh
           8680<LLLLHLLLLLHLLLLHLLLLLLlllllhllllhllllllhlh
           8800<HLLLHLLLLLHLLLLHLLLLLLlllllhllllhllllllllh
           9000<LLLLHLLLLLHLLLLHLLLLLLlllllhllllhllllllllh
           9200<HLLLHLLLLLHLLLLHLLLLLLlllllhllllhlllllllhl
           9400<LLLLHLLLLLHLLLLHLLLLLLlllllhllllhlllllllhl
           9600<HLLLHLLLLLHLLLLHLLLLLLlllllhllllhlllllllll
           9800<LLLLHLLLLLHLLLLHLLLLLLlllllhllllhlllllllll
           9880<LLLLLHLLLLHLLLLHLLLLLLlllllhllllhlllllllll
          10000<HLLLLHLLLLHLLLLHLLLLLLlllllhllllhllllllhlh
          10200<LLLLLHLLLLHLLLLHLLLLLLlllllhllllhllllllhlh
          10280<LLHLLLLLLLHLLLLHLLLLLLlllllhllllhllllllhlh
          10400<HLHLLLLLLLHLLLLHLLLLLLlllllhllllhlllllllhh
          10600<LLHLLLLLLLHLLLLHLLLLLLlllllhllllhlllllllhh
          10680<LLLLLHLLLLHLLLLHLLLLLLlllllhllllhlllllllhh
          10800<HLLLLHLLLLHLLLLHLLLLLLlllllhllllhlllllllll
          11000<LLLLLHLLLLHLLLLHLLLLLLlllllhllllhlllllllll
          11200<HLLLLHLLLLHLLLLHLLLLLLlllllhllllhllllllhlh
          11400<LLLLLHLLLLHLLLLHLLLLLLlllllhllllhllllllhlh
          11480<LLLHLLLLLLHLLLLHLLLLLLlllllhllllhllllllhlh
          11600<HLLHLLLLLLHLLLLHLLLLLLlllllhllllhllllllhll
          11800<LLLHLLLLLLHLLLLHLLLLLLlllllhllllhllllllhll
          12000<HLLHLLLLLLHLLLLHLLLLLLlllllhllllhlllllllhh
          12200<LLLHLLLLLLHLLLLHLLLLLLlllllhllllhlllllllhh
          12400<HLLHLLLLLLHLLLLHLLLLLLlllllhllllhllllllhlh
          12600<LLLHLLLLLLHLLLLHLLLLLLlllllhllllhllllllhlh
          12680<LLHLLLLLLLHLLLLHLLLLLLlllllhllllhllllllhlh
          12800<HLHLLLLLLLHLLLLHLLLLLLlllllhllllhlllllllhh
          13000<LLHLLLLLLLHLLLLHLLLLLLlllllhllllhlllllllhh
          13200<HLHLLLLLLLHLLLLHLLLLLLlllllhllllhllllllhll
          13400<LLHLLLLLLLHLLLLHLLLLLLlllllhllllhllllllhll
          13600<HLHLLLLLLLHLLLLHLLLLLLlllllhllllhllllllhlh
          13800<LLHLLLLLLLHLLLLHLLLLLLlllllhllllhllllllhlh
          14000<HLHLLLLLLLHLLLLHLLLLLLlllllhllllhlllllllhh
          14200<LLHLLLLLLLHLLLLHLLLLLLlllllhllllhlllllllhh
          14280<LLLLHLLLLLHLLLLHLLLLLLlllllhllllhlllllllhh
          14400<HLLLHLLLLLHLLLLHLLLLLLhlhllhllllhlllllllhh
          14600<LLLLHLLLLLHLLLLHLLLLLLhlhllhllllhlllllllhh
          14680<LLLLLLLLLLHLLLLHLLLLLLhlhllhllllhlllllllhh
          14800<HLLLLLLLLLHLLLLHLLLLLLlllllhllllhlllllllhh
          15000<LLLLLLLLLLHLLLLHLLLLLLlllllhllllhlllllllhh
          15080<LLHLLLLLLLHLLLLHLLLLLLlllllhllllhlllllllhh
          15200<HLHLLLLLLLHLLLLHLLLLLLlllllhllllhllllllhll
          15400<LLHLLLLLLLHLLLLHLLLLLLlllllhllllhllllllhll
          15480<LLLLHLLLLLHLLLLHLLLLLLlllllhllllhllllllhll
          15600<HLLLHLLLLLHLLLLHLLLLLLhllhlhllllhllllllhll
          15800<LLLLHLLLLLHLLLLHLLLLLLhllhlhllllhllllllhll
          15880<LLLLLLLLLLHLLLLHLLLLLLhllhlhllllhllllllhll
          16000<HLLLLLLLLLHLLLLHLLLLLLlllllhllllhllllllhll
          16200<LLLLLLLLLLHLLLLHLLLLLLlllllhllllhllllllhll
          16280<LLLLLHLLLLHLLLLHLLLLLLlllllhllllhllllllhll
          16400<HLLLLHLLLLHLLLLHLLLLLLlllllhllllhlllllllll
          16600<LLLLLHLLLLHLLLLHLLLLLLlllllhllllhlllllllll
          16680<LLLLLLLLLLHLLLLHLLLLLLlllllhllllhlllllllll
          16800<HLLLLLLLLLHLLLLHLLLLLLlllllhllllhlllllllll
          17000<LLLLLLLLLLHLLLLHLLLLLLlllllhllllhlllllllll
          17200<HLLLLLLLLLHLLLLHLLLLLLlllllhllllhlllllllll
          17400<LLLLLLLLLLHLLLLHLLLLLLlllllhllllhlllllllll
          17600<HLLLLLLLLLHLLLLHLLLLLLlllllhllllhlllllllll
          17800<LLLLLLLLLLHLLLLHLLLLLLlllllhllllhlllllllll
          18000<HLLLLLLLLLHLLLLHLLLLLLlllllhllllhlllllllll
          18200<LLLLLLLLLLHLLLLHLLLLLLlllllhllllhlllllllll
          18400<HLLLLLLLLLHLLLLHLLLLLLlllllhllllhlllllllll
          18600<LLLLLLLLLLHLLLLHLLLLLLlllllhllllhlllllllll
          18800<HLLLLLLLLLHLLLLHLLLLLLlllllhllllhlllllllll
          19000<LLLLLLLLLLHLLLLHLLLLLLlllllhllllhlllllllll
          19200<HLLLLLLLLLHLLLLHLLLLLLlllllhllllhlllllllll
          19400<LLLLLLLLLLHLLLLHLLLLLLlllllhllllhlllllllll
          19600<HLLLLLLLLLHLLLLHLLLLLLlllllhllllhlllllllll
          19800<LLLLLLLLLLHLLLLHLLLLLLlllllhllllhlllllllll
          20000<HLLLLLLLLLHLLLLHLLLLLLlllllhllllhlllllllll
          20200<LLLLLLLLLLHLLLLHLLLLLLlllllhllllhlllllllll
          20400<HLLLLLLLLLHLLLLHLLLLLLlllllhllllhlllllllll
          20600<LLLLLLLLLLHLLLLHLLLLLLlllllhllllhlllllllll
          20800<HLLLLLLLLLHLLLLHLLLLLLlllllhllllhlllllllll
          21000<LLLLLLLLLLHLLLLHLLLLLLlllllhllllhlllllllll
          21200<HLLLLLLLLLHLLLLHLLLLLLlllllhllllhlllllllll
          21400<LLLLLLLLLLHLLLLHLLLLLLlllllhllllhlllllllll
          21600<HLLLLLLLLLHLLLLHLLLLLLlllllhllllhlllllllll
          21800<LLLLLLLLLLHLLLLHLLLLLLlllllhllllhlllllllll
          22000<HLLLLLLLLLHLLLLHLLLLLLlllllhllllhlllllllll
          22200<LLLLLLLLLLHLLLLHLLLLLLlllllhllllhlllllllll
          22400<HLLLLLLLLLHLLLLHLLLLLLlllllhllllhlllllllll
          22600<LLLLLLLLLLHLLLLHLLLLLLlllllhllllhlllllllll
          22800<HLLLLLLLLLHLLLLHLLLLLLlllllhllllhlllllllll
          23000<LLLLLLLLLLHLLLLHLLLLLLlllllhllllhlllllllll
          23200<HLLLLLLLLLHLLLLHLLLLLLlllllhllllhlllllllll
          23400<LLLLLLLLLLHLLLLHLLLLLLlllllhllllhlllllllll
          23600<HLLLLLLLLLHLLLLHLLLLLLlllllhllllhlllllllll
          23800<LLLLLLLLLLHLLLLHLLLLLLlllllhllllhlllllllll
          24000<HLLLLLLLLLHLLLLHLLLLLLlllllhllllhlllllllll
          24200<LLLLLLLLLLHLLLLHLLLLLLlllllhllllhlllllllll
          24400<HLLLLLLLLLHLLLLHLLLLLLlllllhllllhlllllllll
          24600<LLLLLLLLLLHLLLLHLLLLLLlllllhllllhlllllllll
          24800<HLLLLLLLLLHLLLLHLLLLLLlllllhllllhlllllllll
          25000<LLLLLLLLLLHLLLLHLLLLLLlllllhllllhlllllllll


