# Tabular Link File created on Tue 13 Jan 2015 17:17:45
# By Program: design_flow
# From Source: /home/rjablokker/EPO-3/alarm-compare-bcd/compare.lst
# Clock_column: 0
INP clk;
INP reset;
INP tijd_uur_l_3_0_3;
INP tijd_uur_l_3_0_2;
INP tijd_uur_l_3_0_1;
INP tijd_uur_l_3_0_0;
INP tijd_uur_h_3_0_3;
INP tijd_uur_h_3_0_2;
INP tijd_uur_h_3_0_1;
INP tijd_uur_h_3_0_0;
INP tijd_min_l_3_0_3;
INP tijd_min_l_3_0_2;
INP tijd_min_l_3_0_1;
INP tijd_min_l_3_0_0;
INP tijd_min_h_3_0_3;
INP tijd_min_h_3_0_2;
INP tijd_min_h_3_0_1;
INP tijd_min_h_3_0_0;
INP wekker_uur_l_3_0_3;
INP wekker_uur_l_3_0_2;
INP wekker_uur_l_3_0_1;
INP wekker_uur_l_3_0_0;
INP wekker_uur_h_3_0_3;
INP wekker_uur_h_3_0_2;
INP wekker_uur_h_3_0_1;
INP wekker_uur_h_3_0_0;
INP wekker_min_l_3_0_3;
INP wekker_min_l_3_0_2;
INP wekker_min_l_3_0_1;
INP wekker_min_l_3_0_0;
INP wekker_min_h_3_0_3;
INP wekker_min_h_3_0_2;
INP wekker_min_h_3_0_1;
INP wekker_min_h_3_0_0;
INP stop_alarm;
OUT geluid;
OUT licht;
PERIOD 200ns;
TIME_UNIT 1.0e-10s;
TABLE_FORMAT D<37c;
DATA_SECTION
             00<HHLLHHLLLLLLHLLLHLLLHHLLLLHLLLLLHHLll
           1000<LHLLHHLLLLLLHLLLHLLLHHLLLLHLLLLLHHLll
           2000<HHLLHHLLLLLLHLLLHLLLHHLLLLHLLLLLHHLll
           3000<LHLLHHLLLLLLHLLLHLLLHHLLLLHLLLLLHHLll
           3500<LLLLHHLLLLLLHLLLHLLLHHLLLLHLLLLLHHLll
           4000<HLLLHHLLLLLLHLLLHLLLHHLLLLHLLLLLHHLll
           5000<LLLLHHLLLLLLHLLLHLLLHHLLLLHLLLLLHHLll
           5500<LLLLHHLLLLLLHHLLHLLLHHLLLLHLLLLLHHLll
           6000<HLLLHHLLLLLLHHLLHLLLHHLLLLHLLLLLHHLlh
           7000<LLLLHHLLLLLLHHLLHLLLHHLLLLHLLLLLHHLlh
           8000<HLLLHHLLLLLLHHLLHLLLHHLLLLHLLLLLHHLlh
           9000<LLLLHHLLLLLLHHLLHLLLHHLLLLHLLLLLHHLlh
          10000<HLLLHHLLLLLLHHLLHLLLHHLLLLHLLLLLHHLlh
          10500<HLLLHHLLLLLHLLLLHLLLHHLLLLHLLLLLHHLlh
          11000<LLLLHHLLLLLHLLLLHLLLHHLLLLHLLLLLHHLlh
          12000<HLLLHHLLLLLHLLLLHLLLHHLLLLHLLLLLHHLlh
          13000<LLLLHHLLLLLHLLLLHLLLHHLLLLHLLLLLHHLlh
          14000<HLLLHHLLLLLHLLLLHLLLHHLLLLHLLLLLHHLlh
          15000<LLLLHHLLLLLHLLLLHLLLHHLLLLHLLLLLHHLlh
          15500<LLLLHHLLLLLHLHLLHLLLHHLLLLHLLLLLHHLlh
          16000<HLLLHHLLLLLHLHLLHLLLHHLLLLHLLLLLHHLlh
          17000<LLLLHHLLLLLHLHLLHLLLHHLLLLHLLLLLHHLlh
          18000<HLLLHHLLLLLHLHLLHLLLHHLLLLHLLLLLHHLlh
          19000<LLLLHHLLLLLHLHLLHLLLHHLLLLHLLLLLHHLlh
          20000<HLLLHHLLLLLHLHLLHLLLHHLLLLHLLLLLHHLlh
          20500<HLLLHHLLLLLHHLLLHLLLHHLLLLHLLLLLHHLlh
          21000<LLLLHHLLLLLHHLLLHLLLHHLLLLHLLLLLHHLlh
          22000<HLLLHHLLLLLHHLLLHLLLHHLLLLHLLLLLHHLlh
          23000<LLLLHHLLLLLHHLLLHLLLHHLLLLHLLLLLHHLlh
          24000<HLLLHHLLLLLHHLLLHLLLHHLLLLHLLLLLHHLlh
          25000<LLLLHHLLLLLHHLLLHLLLHHLLLLHLLLLLHHLlh
          25500<LLLLHHLLLLLHHHLLHLLLHHLLLLHLLLLLHHLlh
          26000<HLLLHHLLLLLHHHLLHLLLHHLLLLHLLLLLHHLlh
          27000<LLLLHHLLLLLHHHLLHLLLHHLLLLHLLLLLHHLlh
          28000<HLLLHHLLLLLHHHLLHLLLHHLLLLHLLLLLHHLlh
          29000<LLLLHHLLLLLHHHLLHLLLHHLLLLHLLLLLHHLlh
          30000<HLLLHHLLLLLHHHLLHLLLHHLLLLHLLLLLHHLlh
          30500<HLLLHHLLLLHLLLLLHLLLHHLLLLHLLLLLHHLlh
          31000<LLLLHHLLLLHLLLLLHLLLHHLLLLHLLLLLHHLlh
          32000<HLLLHHLLLLHLLLLLHLLLHHLLLLHLLLLLHHLlh
          33000<LLLLHHLLLLHLLLLLHLLLHHLLLLHLLLLLHHLlh
          34000<HLLLHHLLLLHLLLLLHLLLHHLLLLHLLLLLHHLlh
          35000<LLLLHHLLLLHLLLLLHLLLHHLLLLHLLLLLHHLlh
          35500<LLLLHHLLLLHLLHLLHLLLHHLLLLHLLLLLHHLlh
          36000<HLLLHHLLLLHLLHLLHLLLHHLLLLHLLLLLHHLlh
          37000<LLLLHHLLLLHLLHLLHLLLHHLLLLHLLLLLHHLlh
          38000<HLLLHHLLLLHLLHLLHLLLHHLLLLHLLLLLHHLlh
          39000<LLLLHHLLLLHLLHLLHLLLHHLLLLHLLLLLHHLlh
          40000<HLLLHHLLLLHLLHLLHLLLHHLLLLHLLLLLHHLlh
          40500<HLLLHHLLLLLLLLLLHHLLHHLLLLHLLLLLHHLlh
          41000<LLLLHHLLLLLLLLLLHHLLHHLLLLHLLLLLHHLlh
          42000<HLLLHHLLLLLLLLLLHHLLHHLLLLHLLLLLHHLlh
          43000<LLLLHHLLLLLLLLLLHHLLHHLLLLHLLLLLHHLlh
          44000<HLLLHHLLLLLLLLLLHHLLHHLLLLHLLLLLHHLlh
          45000<LLLLHHLLLLLLLLLLHHLLHHLLLLHLLLLLHHLlh
          45500<LLLLHHLLLLLLLHLLHHLLHHLLLLHLLLLLHHLlh
          46000<HLLLHHLLLLLLLHLLHHLLHHLLLLHLLLLLHHLlh
          47000<LLLLHHLLLLLLLHLLHHLLHHLLLLHLLLLLHHLlh
          48000<HLLLHHLLLLLLLHLLHHLLHHLLLLHLLLLLHHLlh
          49000<LLLLHHLLLLLLLHLLHHLLHHLLLLHLLLLLHHLlh
          50000<HLLLHHLLLLLLLHLLHHLLHHLLLLHLLLLLHHLlh
          50500<HLLLHHLLLLLLHLLLHHLLHHLLLLHLLLLLHHLlh
          51000<LLLLHHLLLLLLHLLLHHLLHHLLLLHLLLLLHHLlh
          52000<HLLLHHLLLLLLHLLLHHLLHHLLLLHLLLLLHHLlh
          53000<LLLLHHLLLLLLHLLLHHLLHHLLLLHLLLLLHHLlh
          54000<HLLLHHLLLLLLHLLLHHLLHHLLLLHLLLLLHHLlh
          55000<LLLLHHLLLLLLHLLLHHLLHHLLLLHLLLLLHHLlh
          55500<LLLLHHLLLLLLHHLLHHLLHHLLLLHLLLLLHHLlh
          56000<HLLLHHLLLLLLHHLLHHLLHHLLLLHLLLLLHHLlh
          57000<LLLLHHLLLLLLHHLLHHLLHHLLLLHLLLLLHHLlh
          58000<HLLLHHLLLLLLHHLLHHLLHHLLLLHLLLLLHHLlh
          59000<LLLLHHLLLLLLHHLLHHLLHHLLLLHLLLLLHHLlh
          60000<HLLLHHLLLLLLHHLLHHLLHHLLLLHLLLLLHHLlh
          60500<HLLLHHLLLLLHLLLLHHLLHHLLLLHLLLLLHHLlh
          61000<LLLLHHLLLLLHLLLLHHLLHHLLLLHLLLLLHHLlh
          62000<HLLLHHLLLLLHLLLLHHLLHHLLLLHLLLLLHHLlh
          63000<LLLLHHLLLLLHLLLLHHLLHHLLLLHLLLLLHHLlh
          64000<HLLLHHLLLLLHLLLLHHLLHHLLLLHLLLLLHHLlh
          65000<LLLLHHLLLLLHLLLLHHLLHHLLLLHLLLLLHHLlh
          65500<LLLLHHLLLLLHLHLLHHLLHHLLLLHLLLLLHHLlh
          66000<HLLLHHLLLLLHLHLLHHLLHHLLLLHLLLLLHHLlh
          67000<LLLLHHLLLLLHLHLLHHLLHHLLLLHLLLLLHHLlh
          68000<HLLLHHLLLLLHLHLLHHLLHHLLLLHLLLLLHHLlh
          69000<LLLLHHLLLLLHLHLLHHLLHHLLLLHLLLLLHHLlh
          70000<HLLLHHLLLLLHLHLLHHLLHHLLLLHLLLLLHHLlh
          70500<HLLLHHLLLLLHHLLLHHLLHHLLLLHLLLLLHHLlh
          71000<LLLLHHLLLLLHHLLLHHLLHHLLLLHLLLLLHHLlh
          72000<HLLLHHLLLLLHHLLLHHLLHHLLLLHLLLLLHHLlh
          73000<LLLLHHLLLLLHHLLLHHLLHHLLLLHLLLLLHHLlh
          74000<HLLLHHLLLLLHHLLLHHLLHHLLLLHLLLLLHHLlh
          75000<LLLLHHLLLLLHHLLLHHLLHHLLLLHLLLLLHHLlh
          75500<LLLLHHLLLLLHHHLLHHLLHHLLLLHLLLLLHHLlh
          76000<HLLLHHLLLLLHHHLLHHLLHHLLLLHLLLLLHHLlh
          77000<LLLLHHLLLLLHHHLLHHLLHHLLLLHLLLLLHHLlh
          78000<HLLLHHLLLLLHHHLLHHLLHHLLLLHLLLLLHHLlh
          79000<LLLLHHLLLLLHHHLLHHLLHHLLLLHLLLLLHHLlh
          80000<HLLLHHLLLLLHHHLLHHLLHHLLLLHLLLLLHHLlh
          80500<HLLLHHLLLLHLLLLLHHLLHHLLLLHLLLLLHHLlh
          81000<LLLLHHLLLLHLLLLLHHLLHHLLLLHLLLLLHHLlh
          82000<HLLLHHLLLLHLLLLLHHLLHHLLLLHLLLLLHHLhh
          83000<LLLLHHLLLLHLLLLLHHLLHHLLLLHLLLLLHHLhh
          84000<HLLLHHLLLLHLLLLLHHLLHHLLLLHLLLLLHHLhh
          85000<LLLLHHLLLLHLLLLLHHLLHHLLLLHLLLLLHHLhh
          85500<LLLLHHLLLLHLLHLLHHLLHHLLLLHLLLLLHHLhh
          86000<HLLLHHLLLLHLLHLLHHLLHHLLLLHLLLLLHHLhh
          87000<LLLLHHLLLLHLLHLLHHLLHHLLLLHLLLLLHHLhh
          88000<HLLLHHLLLLHLLHLLHHLLHHLLLLHLLLLLHHLhh
          89000<LLLLHHLLLLHLLHLLHHLLHHLLLLHLLLLLHHLhh
          90000<HLLLHHLLLLHLLHLLHHLLHHLLLLHLLLLLHHLhh
          90500<HLLLHHLLLLHLLHLLHHLLHHLLLLHLLLLLHHHhh
          91000<LLLLHHLLLLHLLHLLHHLLHHLLLLHLLLLLHHHhh
          92000<HLLLHHLLLLHLLHLLHHLLHHLLLLHLLLLLHHHll
          93000<LLLLHHLLLLHLLHLLHHLLHHLLLLHLLLLLHHHll
          94000<HLLLHHLLLLHLLHLLHHLLHHLLLLHLLLLLHHHll
          95000<LLLLHHLLLLHLLHLLHHLLHHLLLLHLLLLLHHHll
          96000<HLLLHHLLLLHLLHLLHHLLHHLLLLHLLLLLHHHll
          97000<LLLLHHLLLLHLLHLLHHLLHHLLLLHLLLLLHHHll
          98000<HLLLHHLLLLHLLHLLHHLLHHLLLLHLLLLLHHHll
          99000<LLLLHHLLLLHLLHLLHHLLHHLLLLHLLLLLHHHll
         100000<HLLLHHLLLLHLLHLLHHLLHHLLLLHLLLLLHHHll
         101000<LLLLHHLLLLHLLHLLHHLLHHLLLLHLLLLLHHHll
         102000<HLLLHHLLLLHLLHLLHHLLHHLLLLHLLLLLHHHll
         103000<LLLLHHLLLLHLLHLLHHLLHHLLLLHLLLLLHHHll
         104000<HLLLHHLLLLHLLHLLHHLLHHLLLLHLLLLLHHHll
         105000<LLLLHHLLLLHLLHLLHHLLHHLLLLHLLLLLHHHll
         106000<HLLLHHLLLLHLLHLLHHLLHHLLLLHLLLLLHHHll


