                  0 DUDDDDXXXX
                 20 UUDDDDLLLL
                 40 DUDDDDLLLL
                 60 UUDDDDLLLL
                 80 DUDDDDLLLL
                 85 DDDDDDLLLL
                100 UDUUUULLLL
                120 DDUUUULLLL
                140 UDUUUULLLL
                150 UDDDDDLLLL
                160 DDDDDDLLLL
                180 UDDDDDLLLL
                190 UDUDDDLLLL
                200 DDUDDDLLLL
                220 UDUDDDHLLL
                240 DDDDDDHLLL
                260 UDDDDDLLLL
                280 DDDDDDLLLL
                290 DDDDDULLLL
                300 UDDDDULLLL
                320 DDDDDULLLL
                340 UDDDDULLLL
                360 DDDDDULLLL
                380 UDDDDULLLL
                400 DDDDDULLLL
                420 UDDDDULLLL
                440 DDDDDULLLL
                460 UDDDDULLLL
                480 DDDDDULLLL
                500 UDDDDULLLL
                520 DDDDDULLLL
                540 UDDDDULLLL
                560 DDDDDULLLL
                580 UDDDDULLLL
                600 DDDDDULLLL
                620 UDDDDULLLL
                640 DDDDDULLLL
                660 UDDDDULLLL
                680 DDDDDULLLL
                700 UDDDDULLLL
                720 DDDDDULLLL
                740 UDDDDULLLL
                760 DDDDDULLLL
                780 UDDDDULLLL
                800 DDDDDULLLL
                820 UDDDDULLLL
                840 DDDDDULLLL
                860 UDDDDULLLL
                880 DDDDDULLLL
                900 UDDDDULLLL
                920 DDDDDULLLL
                940 UDDDDULLLL
                960 DDDDDULLLL
                980 UDDDDULLLL
               1000 DDDDDULLLL
