                  0 UUDDDDXXXXXXXXXXXXXXXXLLL
                 40 DUDDDDXXXXXXXXXXXXXXXXLLL
                 80 UUDDDDLLLLLLLLLLLLLLLLLLL
                120 DUDDDDLLLLLLLLLLLLLLLLLLL
                128 DDDDUDLLLLLLLLLLLLLLLLLLL
                160 UDDDUDLLLLLLLLLLLLLLLLLLL
                200 DDDDUDLLLLLLLLLLLLLLLLLLL
                208 DDDDDDLLLLLLLLLLLLLLLLLLL
                240 UDDDDDLLLLLLLLLLLLLLLLLLL
                280 DDDDDDLLLLLLLLLLLLLLLLLLL
                320 UDDDDDHLLLLLLLLLLLLLLLLLL
                360 DDDDDDHLLLLLLLLLLLLLLLLLL
                400 UDDDDDHLLLLLLLLLLLLLLLLLL
                440 DDDDDDHLLLLLLLLLLLLLLLLLL
                480 UDDDDDHLLLLLLLLLLLLLLLLLL
                520 DDDDDDHLLLLLLLLLLLLLLLLLL
                560 UDDDDDHLLLLLLLLLLLLLLLLLL
                600 DDDDDDHLLLLLLLLLLLLLLLLLL
                608 DDDDDUHLLLLLLLLLLLLLLLLLL
                640 UDDDDUHLLLLLLLLLLLLLLLLLL
                680 DDDDDUHLLLLLLLLLLLLLLLLLL
                688 DDDDDDHLLLLLLLLLLLLLLLLLL
                720 UDDDDDHLLLLLLLLLLLLLLLHLH
                760 DDDDDDHLLLLLLLLLLLLLLLHLH
                800 UDDDDDHLLLLLLLLLLLLLLLHLH
                840 DDDDDDHLLLLLLLLLLLLLLLHLH
                848 DDDDDUHLLLLLLLLLLLLLLLHLH
                880 UDDDDUHLLLLLLLLLLLLLLLHLH
                920 DDDDDUHLLLLLLLLLLLLLLLHLH
                928 DDDDDDHLLLLLLLLLLLLLLLHLH
                960 UDDDDDHLLLLLLLLLLLLLLLLLL
               1000 DDDDDDHLLLLLLLLLLLLLLLLLL
               1040 UDDDDDHLLLLLLLLLLLLLLLLLL
               1080 DDDDDDHLLLLLLLLLLLLLLLLLL
               1088 DDDDDUHLLLLLLLLLLLLLLLLLL
               1120 UDDDDUHLLLLLLLLLLLLLLLLLL
               1160 DDDDDUHLLLLLLLLLLLLLLLLLL
               1168 DDDDDDHLLLLLLLLLLLLLLLLLL
               1200 UDDDDDHLLLLLLLLLLLLLLLHLH
               1240 DDDDDDHLLLLLLLLLLLLLLLHLH
               1280 UDDDDDHLLLLLLLLLLLLLLLHLH
               1320 DDDDDDHLLLLLLLLLLLLLLLHLH
               1328 DDDDUDHLLLLLLLLLLLLLLLHLH
               1360 UDDDUDHLLLLLLLLLLLLLLLHLH
               1400 DDDDUDHLLLLLLLLLLLLLLLHLH
               1408 DDDDDDHLLLLLLLLLLLLLLLHLH
               1440 UDDDDDHLLLLLLLLLLLLLLLLLH
               1480 DDDDDDHLLLLLLLLLLLLLLLLLH
               1520 UDDDDDHLLLLLLLLLLLLLLLLLH
               1560 DDDDDDHLLLLLLLLLLLLLLLLLH
               1568 DDDUDDHLLLLLLLLLLLLLLLLLH
               1600 UDDUDDHLLLLLLLLLLLLLLLLLH
               1640 DDDUDDHLLLLLLLLLLLLLLLLLH
               1648 DDDDDDHLLLLLLLLLLLLLLLLLH
               1680 UDDDDDHLLLLLLLLLLLLLLLLLH
               1720 DDDDDDHLLLLLLLLLLLLLLLLLH
               1760 UDDDDDHLLLLLLLHLLLLLLLLLH
               1800 DDDDDDHLLLLLLLHLLLLLLLLLH
               1840 UDDDDDHLLLLLLLHLLLLLLLLLH
               1880 DDDDDDHLLLLLLLHLLLLLLLLLH
               1920 UDDDDDHLLLLLLLHLLLLLLLLLH
               1960 DDDDDDHLLLLLLLHLLLLLLLLLH
               2000 UDDDDDHLLLLLLLHLLLLLLLLLH
               2008 UDUDDDHLLLLLLLHLLLLLLLLLH
               2040 DDUDDDHLLLLLLLHLLLLLLLLLH
               2080 UDUDDDHLLLLLLLHLLLLLLLLLH
               2088 UDDDDDHLLLLLLLHLLLLLLLLLH
               2120 DDDDDDHLLLLLLLHLLLLLLLLLH
               2160 UDDDDDHLLLLLLLHLLLLLLLLLH
               2200 DDDDDDHLLLLLLLHLLLLLLLLLH
               2240 UDDDDDHLLLLLLLLLLLLLLLLLH
               2248 UDDDDUHLLLLLLLLLLLLLLLLLH
               2280 DDDDDUHLLLLLLLLLLLLLLLLLH
               2320 UDDDDUHLLLLLLLLLLLLLLLLLH
               2328 UDDDDDHLLLLLLLLLLLLLLLLLH
               2360 DDDDDDHLLLLLLLLLLLLLLLLLH
               2400 UDDDDDHLLLLLLLLLLLLLLLLLL
               2440 DDDDDDHLLLLLLLLLLLLLLLLLL
               2480 UDDDDDHLLLLLLLLLLLLLLLLLL
               2488 UDDDDUHLLLLLLLLLLLLLLLLLL
               2520 DDDDDUHLLLLLLLLLLLLLLLLLL
               2560 UDDDDUHLLLLLLLLLLLLLLLLLL
               2568 UDDDDDHLLLLLLLLLLLLLLLLLL
               2600 DDDDDDHLLLLLLLLLLLLLLLLLL
               2640 UDDDDDHLLLLLLLLLLLLLLLHLH
               2680 DDDDDDHLLLLLLLLLLLLLLLHLH
               2720 UDDDDDHLLLLLLLLLLLLLLLHLH
               2760 DDDDDDHLLLLLLLLLLLLLLLHLH
               2768 DDDDUDHLLLLLLLLLLLLLLLHLH
               2800 UDDDUDHLLLLLLLLLLLLLLLHLH
               2808 UDDDDDHLLLLLLLLLLLLLLLHLH
               2840 DDDDDDHLLLLLLLLLLLLLLLHLH
               2880 UDDDDDHLLLLLLLLLLLLLLLLLH
               2920 DDDDDDHLLLLLLLLLLLLLLLLLH
               2960 UDDDDDHLLLLLLLLLLLLLLLLLH
               2968 UDDDUDHLLLLLLLLLLLLLLLLLH
               3000 DDDDUDHLLLLLLLLLLLLLLLLLH
               3040 UDDDUDHLLLLLLLLLLLLLLLLLH
               3048 UDDDDDHLLLLLLLLLLLLLLLLLH
               3080 DDDDDDHLLLLLLLLLLLLLLLLLH
               3120 UDDDDDHLLLLLLLLLLLLLLLLHL
               3160 DDDDDDHLLLLLLLLLLLLLLLLHL
               3200 UDDDDDHLLLLLLLLLLLLLLLLHL
               3208 UDDUDDHLLLLLLLLLLLLLLLLHL
               3240 DDDUDDHLLLLLLLLLLLLLLLLHL
               3280 UDDUDDHLLLLLLLLLLLLLLLLHL
               3288 UDDDDDHLLLLLLLLLLLLLLLLHL
               3320 DDDDDDHLLLLLLLLLLLLLLLLHL
               3360 UDDDDDHLLLLLLLLLLLLLLLLHL
               3400 DDDDDDHLLLLLLLLLLLLLLLLHL
               3440 UDDDDDHLLLLLLLLLLLLLLHLHL
               3448 UDUDDDHLLLLLLLLLLLLLLHLHL
               3480 DDUDDDHLLLLLLLLLLLLLLHLHL
               3520 UDUDDDHLLLLLLLLLLLLLLHLHL
               3528 UDDDDDHLLLLLLLLLLLLLLHLHL
               3560 DDDDDDHLLLLLLLLLLLLLLHLHL
               3600 UDDDDDHLLLLLLLLLLLLLLHLHL
               3640 DDDDDDHLLLLLLLLLLLLLLHLHL
               3680 UDDDDDHLLLLLLLLLLLLLLLLHL
               3688 UDDDDUHLLLLLLLLLLLLLLLLHL
               3720 DDDDDUHLLLLLLLLLLLLLLLLHL
               3760 UDDDDUHLLLLLLLLLLLLLLLLHL
               3768 UDDDDDHLLLLLLLLLLLLLLLLHL
               3800 DDDDDDHLLLLLLLLLLLLLLLLHL
               3840 UDDDDDHLLLLLLLLLLLLLLLLLL
               3880 DDDDDDHLLLLLLLLLLLLLLLLLL
               3920 UDDDDDHLLLLLLLLLLLLLLLLLL
               3928 UDDDDUHLLLLLLLLLLLLLLLLLL
               3960 DDDDDUHLLLLLLLLLLLLLLLLLL
               4000 UDDDDUHLLLLLLLLLLLLLLLLLL
               4008 UDDDDDHLLLLLLLLLLLLLLLLLL
               4040 DDDDDDHLLLLLLLLLLLLLLLLLL
               4080 UDDDDDHLLLLLLLLLLLLLLLHLH
               4120 DDDDDDHLLLLLLLLLLLLLLLHLH
               4160 UDDDDDHLLLLLLLLLLLLLLLHLH
               4168 UDDDUDHLLLLLLLLLLLLLLLHLH
               4200 DDDDUDHLLLLLLLLLLLLLLLHLH
               4240 UDDDUDHLLLLLLLLLLLLLLLHLH
               4248 UDDDDDHLLLLLLLLLLLLLLLHLH
               4280 DDDDDDHLLLLLLLLLLLLLLLHLH
               4320 UDDDDDHLLLLLLLLLLLLLLLLLH
               4360 DDDDDDHLLLLLLLLLLLLLLLLLH
               4400 UDDDDDHLLLLLLLLLLLLLLLLLH
               4408 UDDDUDHLLLLLLLLLLLLLLLLLH
               4440 DDDDUDHLLLLLLLLLLLLLLLLLH
               4480 UDDDUDHLLLLLLLLLLLLLLLLLH
               4488 UDDDDDHLLLLLLLLLLLLLLLLLH
               4520 DDDDDDHLLLLLLLLLLLLLLLLLH
               4560 UDDDDDHLLLLLLLLLLLLLLLLHL
               4600 DDDDDDHLLLLLLLLLLLLLLLLHL
               4640 UDDDDDHLLLLLLLLLLLLLLLLHL
               4648 UDDDUDHLLLLLLLLLLLLLLLLHL
               4680 DDDDUDHLLLLLLLLLLLLLLLLHL
               4720 UDDDUDHLLLLLLLLLLLLLLLLHL
               4728 UDDDDDHLLLLLLLLLLLLLLLLHL
               4760 DDDDDDHLLLLLLLLLLLLLLLLHL
               4800 UDDDDDHLLLLLLLLLLLLLLLLLL
               4840 DDDDDDHLLLLLLLLLLLLLLLLLL
               4880 UDDDDDHLLLLLLLLLLLLLLLLLL
               4888 UDDDDUHLLLLLLLLLLLLLLLLLL
               4920 DDDDDUHLLLLLLLLLLLLLLLLLL
               4960 UDDDDUHLLLLLLLLLLLLLLLLLL
               4968 UDDDDDHLLLLLLLLLLLLLLLLLL
               5000 DDDDDDHLLLLLLLLLLLLLLLLLL
               5040 UDDDDDHLLLLLLLLLLLLLLLHLH
               5080 DDDDDDHLLLLLLLLLLLLLLLHLH
               5120 UDDDDDHLLLLLLLLLLLLLLLHLH
               5128 UDUDDDHLLLLLLLLLLLLLLLHLH
               5160 DDUDDDHLLLLLLLLLLLLLLLHLH
               5200 UDUDDDHLLLLLLLLLLLLLLLHLH
               5208 UDDDDDHLLLLLLLLLLLLLLLHLH
               5240 DDDDDDHLLLLLLLLLLLLLLLHLH
               5280 UDDDDDHLLLLLLLLLLLLLLLLHH
               5320 DDDDDDHLLLLLLLLLLLLLLLLHH
               5360 UDDDDDHLLLLLLLLLLLLLLLLHH
               5368 UDDDDUHLLLLLLLLLLLLLLLLHH
               5400 DDDDDUHLLLLLLLLLLLLLLLLHH
               5440 UDDDDUHLLLLLLLLLLLLLLLLHH
               5448 UDDDDDHLLLLLLLLLLLLLLLLHH
               5480 DDDDDDHLLLLLLLLLLLLLLLLHH
               5520 UDDDDDHLLLLLLLLLLLLLLLLLL
               5560 DDDDDDHLLLLLLLLLLLLLLLLLL
               5600 UDDDDDHLLLLLLLLLLLLLLLLLL
               5608 UDDDDUHLLLLLLLLLLLLLLLLLL
               5640 DDDDDUHLLLLLLLLLLLLLLLLLL
               5680 UDDDDUHLLLLLLLLLLLLLLLLLL
               5688 UDDDDDHLLLLLLLLLLLLLLLLLL
               5720 DDDDDDHLLLLLLLLLLLLLLLLLL
               5760 UDDDDDHLLLLLLLLLLLLLLLHLH
               5800 DDDDDDHLLLLLLLLLLLLLLLHLH
               5840 UDDDDDHLLLLLLLLLLLLLLLHLH
               5848 UDDUDDHLLLLLLLLLLLLLLLHLH
               5880 DDDUDDHLLLLLLLLLLLLLLLHLH
               5920 UDDUDDHLLLLLLLLLLLLLLLHLH
               5960 DDDUDDHLLLLLLLLLLLLLLLHLH
               6000 UDDUDDHLLLLLLLLLLLLLLLHLL
               6040 DDDUDDHLLLLLLLLLLLLLLLHLL
               6080 UDDUDDHLLLLLLLLLLLLLLLHLL
               6120 DDDUDDHLLLLLLLLLLLLLLLHLL
               6128 DDDDDDHLLLLLLLLLLLLLLLHLL
               6160 UDDDDDHLLLLLLLLLLLLLLLHLL
               6200 DDDDDDHLLLLLLLLLLLLLLLHLL
               6240 UDDDDDHLLLLLLLLLLLLLLLHLL
               6280 DDDDDDHLLLLLLLLLLLLLLLHLL
               6288 DDDUDDHLLLLLLLLLLLLLLLHLL
               6320 UDDUDDHLLLLLLLLLLLLLLLHLL
               6360 DDDUDDHLLLLLLLLLLLLLLLHLL
               6368 DDDDDDHLLLLLLLLLLLLLLLHLL
               6400 UDDDDDHLLLLLLLLLLLLLLLLHH
               6440 DDDDDDHLLLLLLLLLLLLLLLLHH
               6480 UDDDDDHLLLLLLLLLLLLLLLLHH
               6520 DDDDDDHLLLLLLLLLLLLLLLLHH
               6528 DDDUDDHLLLLLLLLLLLLLLLLHH
               6560 UDDUDDHLLLLLLLLLLLLLLLLHH
               6600 DDDUDDHLLLLLLLLLLLLLLLLHH
               6608 DDDDDDHLLLLLLLLLLLLLLLLHH
               6640 UDDDDDHLLLLLLLLLLLLLLLHLH
               6680 DDDDDDHLLLLLLLLLLLLLLLHLH
               6720 UDDDDDHLLLLLLLLLLLLLLLHLH
               6760 DDDDDDHLLLLLLLLLLLLLLLHLH
               6768 DDUDDDHLLLLLLLLLLLLLLLHLH
               6800 UDUDDDHLLLLLLLLLLLLLLLHLH
               6840 DDUDDDHLLLLLLLLLLLLLLLHLH
               6848 DDDDDDHLLLLLLLLLLLLLLLHLH
               6880 UDDDDDHLLLLLLLLLLLLLLLLHH
               6920 DDDDDDHLLLLLLLLLLLLLLLLHH
               6960 UDDDDDHLLLLLLLLLLLLLLLLHH
               7000 DDDDDDHLLLLLLLLLLLLLLLLHH
               7008 DDUDDDHLLLLLLLLLLLLLLLLHH
               7040 UDUDDDHLLLLLLLLLLLLLLLLHH
               7080 DDUDDDHLLLLLLLLLLLLLLLLHH
               7088 DDDDDDHLLLLLLLLLLLLLLLLHH
               7120 UDDDDDHLLLLLLLLLLLLLLLHLL
               7160 DDDDDDHLLLLLLLLLLLLLLLHLL
               7200 UDDDDDHLLLLLLLLLLLLLLLHLL
               7240 DDDDDDHLLLLLLLLLLLLLLLHLL
               7248 DDUDDDHLLLLLLLLLLLLLLLHLL
               7280 UDUDDDHLLLLLLLLLLLLLLLHLL
               7320 DDUDDDHLLLLLLLLLLLLLLLHLL
               7328 DDDDDDHLLLLLLLLLLLLLLLHLL
               7360 UDDDDDHLLLLLLLLLLLLLLLHLH
               7400 DDDDDDHLLLLLLLLLLLLLLLHLH
               7440 UDDDDDHLLLLLLLLLLLLLLLHLH
               7480 DDDDDDHLLLLLLLLLLLLLLLHLH
               7488 DDUDDDHLLLLLLLLLLLLLLLHLH
               7520 UDUDDDHLLLLLLLLLLLLLLLHLH
               7560 DDUDDDHLLLLLLLLLLLLLLLHLH
               7568 DDDDDDHLLLLLLLLLLLLLLLHLH
               7600 UDDDDDHLLLLLLLLLLLLLLLLHH
               7640 DDDDDDHLLLLLLLLLLLLLLLLHH
               7680 UDDDDDHLLLLLLLLLLLLLLLLHH
               7720 DDDDDDHLLLLLLLLLLLLLLLLHH
               7728 DDDDUDHLLLLLLLLLLLLLLLLHH
               7760 UDDDUDHLLLLLLLLLLLLLLLLHH
               7800 DDDDUDHLLLLLLLLLLLLLLLLHH
               7808 DDDDDDHLLLLLLLLLLLLLLLLHH
               7840 UDDDDDHLLLLLLLLLLLLLLLLHH
               7880 DDDDDDHLLLLLLLLLLLLLLLLHH
               7920 UDDDDDHHLLLLLLLLLLLLLLLHH
               7960 DDDDDDHHLLLLLLLLLLLLLLLHH
               7968 DDUDDDHHLLLLLLLLLLLLLLLHH
               8000 UDUDDDHHLLLLLLLLLLLLLLLHH
               8040 DDUDDDHHLLLLLLLLLLLLLLLHH
               8048 DDDDDDHHLLLLLLLLLLLLLLLHH
               8080 UDDDDDHHLLLLLLLLLLLLLLHLL
               8120 DDDDDDHHLLLLLLLLLLLLLLHLL
               8160 UDDDDDHHLLLLLLLLLLLLLLHLL
               8200 DDDDDDHHLLLLLLLLLLLLLLHLL
               8208 DDDDUDHHLLLLLLLLLLLLLLHLL
               8240 UDDDUDHHLLLLLLLLLLLLLLHLL
               8280 DDDDUDHHLLLLLLLLLLLLLLHLL
               8288 DDDDDDHHLLLLLLLLLLLLLLHLL
               8320 UDDDDDHHLLLLLLLLLLLLLLHLL
               8360 DDDDDDHHLLLLLLLLLLLLLLHLL
               8400 UDDDDDHHHLLLLLLLLLLLLLHLL
               8440 DDDDDDHHHLLLLLLLLLLLLLHLL
               8448 DDDDDUHHHLLLLLLLLLLLLLHLL
               8480 UDDDDUHHHLLLLLLLLLLLLLHLL
               8520 DDDDDUHHHLLLLLLLLLLLLLHLL
               8528 DDDDDDHHHLLLLLLLLLLLLLHLL
               8560 UDDDDDHHHLLLLLLLLLLLLLLLL
               8600 DDDDDDHHHLLLLLLLLLLLLLLLL
               8640 UDDDDDHHHLLLLLLLLLLLLLLLL
               8680 DDDDDDHHHLLLLLLLLLLLLLLLL
               8720 UDDDDDHHHLLLLLLLLLLLLLLLL
               8760 DDDDDDHHHLLLLLLLLLLLLLLLL
               8800 UDDDDDHHHLLLLLLLLLLLLLLLL
               8840 DDDDDDHHHLLLLLLLLLLLLLLLL
               8880 UDDDDDHHHLLLLLLLLLLLLLLLL
               8920 DDDDDDHHHLLLLLLLLLLLLLLLL
               8960 UDDDDDHHHLLLLLLLLLLLLLLLL
               9000 DDDDDDHHHLLLLLLLLLLLLLLLL
