                  0 DUDDDDDDDDDDDDDDDDUXXXXXXXXXXXXXXXX
                 20 UUDDDDDDDDDDDDDDDDULLLLLLLLLLLLLLLL
                 40 DUDDDDDDDDDDDDDDDDULLLLLLLLLLLLLLLL
                 60 UUDDDDDDDDDDDDDDDDULLLLLLLLLLLLLLLL
                 70 UUDDDDDDDDDDDDDDDUDLLLLLLLLLLLLLLLL
                 80 DUDDDDDDDDDDDDDDDUDLLLLLLLLLLLLLLLL
                 85 DDDDDDDDDDDDDDDDDUDLLLLLLLLLLLLLLLL
                100 UDDDDDDDDDDDDDDDDUDLLLLLLLLLLLLLLLL
                110 UDDDDDDDDDDDDDDDDUULLLLLLLLLLLLLLLL
                120 DDDDDDDDDDDDDDDDDUULLLLLLLLLLLLLLLL
                140 UDDDDDDDDDDDDDDDDUULLLLLLLLLLLLLLLL
                150 UDUDDDDDDDDDDDDDUDDLLLLLLLLLLLLLLLL
                160 DDUDDDDDDDDDDDDDUDDLLLLLLLLLLLLLLLL
                180 UDUDDDDDDDDDDDDDUDDLLLLLLLLLLLLLHLL
                190 UDUDDDDDDDDDDDDDUDULLLLLLLLLLLLLHLL
                200 DDUDDDDDDDDDDDDDUDULLLLLLLLLLLLLHLL
                220 UDUDDDDDDDDDDDDDUDULLLLLLLLLLLLLHLH
                230 UDUDDDDDDDDDDDDDUUDLLLLLLLLLLLLLHLH
                240 DDUDDDDDDDDDDDDDUUDLLLLLLLLLLLLLHLH
                260 UDUDDDDDDDDDDDDDUUDLLLLLLLLLLLLLHHL
                270 UDUDDDDDDDDDDDDDUUULLLLLLLLLLLLLHHL
                280 DDUDDDDDDDDDDDDDUUULLLLLLLLLLLLLHHL
                290 DDDDDDDDDDDDDDDDUUULLLLLLLLLLLLLHHL
                300 UDDDDDDDDDDDDDDDUUULLLLLLLLLLLLLHHL
                310 UDDDDDDDDDDDDDDUDDDLLLLLLLLLLLLLHHL
                320 DDDDDDDDDDDDDDDUDDDLLLLLLLLLLLLLHHL
                340 UDDDDDDDDDDDDDDUDDDLLLLLLLLLLLLLHHL
                350 UDDDDDDDDDDDDDDUDDULLLLLLLLLLLLLHHL
                360 DDDDDDDDDDDDDDDUDDULLLLLLLLLLLLLHHL
                380 UDDDDDDDDDDDDDDUDDULLLLLLLLLLLLLHHL
                390 UDDDDDDDDDDDDDDUDUDLLLLLLLLLLLLLHHL
                400 DDDDDDDDDDDDDDDUDUDLLLLLLLLLLLLLHHL
                420 UDDDDDDDDDDDDDDUDUDLLLLLLLLLLLLLHHL
                430 UDDDDDDDDDDDDDDUDUULLLLLLLLLLLLLHHL
                440 DDDDDDDDDDDDDDDUDUULLLLLLLLLLLLLHHL
                460 UDDDDDDDDDDDDDDUDUULLLLLLLLLLLLLHHL
                470 UDDDDDDDDDDDDDDUUDDLLLLLLLLLLLLLHHL
                480 DDDDDDDDDDDDDDDUUDDLLLLLLLLLLLLLHHL
                500 UDDDDDDDDDDDDDDUUDDLLLLLLLLLLLLLHHL
                510 UDDDDDDDDDDDDDDUUDULLLLLLLLLLLLLHHL
                520 DDDDDDDDDDDDDDDUUDULLLLLLLLLLLLLHHL
                540 UDDDDDDDDDDDDDDUUDULLLLLLLLLLLLLHHL
                550 UDDDDDDDDDDDDDDUUUDLLLLLLLLLLLLLHHL
                560 DDDDDDDDDDDDDDDUUUDLLLLLLLLLLLLLHHL
                580 UDDDDDDDDDDDDDDUUUDLLLLLLLLLLLLLHHL
                590 UDUDDDDDDDDDDDDUUUULLLLLLLLLLLLLHHL
                600 DDUDDDDDDDDDDDDUUUULLLLLLLLLLLLLHHL
                620 UDUDDDDDDDDDDDDUUUULLLLLLLLLLLLHHHH
                630 UDUDDDDDDDDDDDUDDDDLLLLLLLLLLLLHHHH
                640 DDUDDDDDDDDDDDUDDDDLLLLLLLLLLLLHHHH
                660 UDUDDDDDDDDDDDUDDDDLLLLLLLLLLLHLLLL
                680 DDUDDDDDDDDDDDUDDDULLLLLLLLLLLHLLLL
                700 UDUDDDDDDDDDDDUDDDULLLLLLLLLLLHLLLH
                720 DDUDDDDDDDDDDDUDDDULLLLLLLLLLLHLLLH
                735 DDUDDDDDDDDDDDUDDUDLLLLLLLLLLLHLLLH
                740 UDUDDDDDDDDDDDUDDUDLLLLLLLLLLLHLLHL
                760 DDUDDDDDDDDDDDUDDUDLLLLLLLLLLLHLLHL
                779 DDUDDDDDDDDDDDUDUUULLLLLLLLLLLHLLHL
                780 UDUDDDDDDDDDDDUDUUULLLLLLLLLLLHLHHH
                800 DDUDDDDDDDDDDDUDUUULLLLLLLLLLLHLHHH
                820 UDUDDDDDDDDDDDUDUUULLLLLLLLLLLHLHHH
                840 DDUDDDDDDDDDDDUDUUULLLLLLLLLLLHLHHH
                860 UDUDDDDDDDDDDDUDUUULLLLLLLLLLLHLHHH
                880 DDUDDDDDDDDDDDUDUUULLLLLLLLLLLHLHHH
                900 UDUDDDDDDDDDDDUDUUULLLLLLLLLLLHLHHH
                920 DDUDDDDDDDDDDDUDUUULLLLLLLLLLLHLHHH
                940 UDUDDDDDDDDDDDUDUUULLLLLLLLLLLHLHHH
                960 DDUDDDDDDDDDDDUDUUULLLLLLLLLLLHLHHH
                980 UDUDDDDDDDDDDDUDUUULLLLLLLLLLLHLHHH
               1000 DDUDDDDDDDDDDDUDUUULLLLLLLLLLLHLHHH
               1020 UDUDDDDDDDDDDDUDUUULLLLLLLLLLLHLHHH
               1040 DDUDDDDDDDDDDDUDUUULLLLLLLLLLLHLHHH
               1060 UDUDDDDDDDDDDDUDUUULLLLLLLLLLLHLHHH
               1080 DDUDDDDDDDDDDDUDUUULLLLLLLLLLLHLHHH
               1100 UDUDDDDDDDDDDDUDUUULLLLLLLLLLLHLHHH
               1120 DDUDDDDDDDDDDDUDUUULLLLLLLLLLLHLHHH
               1140 UDUDDDDDDDDDDDUDUUULLLLLLLLLLLHLHHH
               1160 DDUDDDDDDDDDDDUDUUULLLLLLLLLLLHLHHH
               1180 UDUDDDDDDDDDDDUDUUULLLLLLLLLLLHLHHH
               1200 DDUDDDDDDDDDDDUDUUULLLLLLLLLLLHLHHH
               1220 UDUDDDDDDDDDDDUDUUULLLLLLLLLLLHLHHH
               1240 DDUDDDDDDDDDDDUDUUULLLLLLLLLLLHLHHH
               1260 UDUDDDDDDDDDDDUDUUULLLLLLLLLLLHLHHH
               1280 DDUDDDDDDDDDDDUDUUULLLLLLLLLLLHLHHH
               1300 UDUDDDDDDDDDDDUDUUULLLLLLLLLLLHLHHH
               1320 DDUDDDDDDDDDDDUDUUULLLLLLLLLLLHLHHH
               1340 UDUDDDDDDDDDDDUDUUULLLLLLLLLLLHLHHH
               1360 DDUDDDDDDDDDDDUDUUULLLLLLLLLLLHLHHH
               1380 UDUDDDDDDDDDDDUDUUULLLLLLLLLLLHLHHH
               1400 DDUDDDDDDDDDDDUDUUULLLLLLLLLLLHLHHH
               1420 UDUDDDDDDDDDDDUDUUULLLLLLLLLLLHLHHH
               1440 DDUDDDDDDDDDDDUDUUULLLLLLLLLLLHLHHH
               1460 UDUDDDDDDDDDDDUDUUULLLLLLLLLLLHLHHH
               1480 DDUDDDDDDDDDDDUDUUULLLLLLLLLLLHLHHH
               1500 UDUDDDDDDDDDDDUDUUULLLLLLLLLLLHLHHH
               1520 DDUDDDDDDDDDDDUDUUULLLLLLLLLLLHLHHH
               1540 UDUDDDDDDDDDDDUDUUULLLLLLLLLLLHLHHH
               1560 DDUDDDDDDDDDDDUDUUULLLLLLLLLLLHLHHH
               1580 UDUDDDDDDDDDDDUDUUULLLLLLLLLLLHLHHH
               1600 DDUDDDDDDDDDDDUDUUULLLLLLLLLLLHLHHH
               1620 UDUDDDDDDDDDDDUDUUULLLLLLLLLLLHLHHH
               1640 DDUDDDDDDDDDDDUDUUULLLLLLLLLLLHLHHH
               1660 UDUDDDDDDDDDDDUDUUULLLLLLLLLLLHLHHH
               1680 DDUDDDDDDDDDDDUDUUULLLLLLLLLLLHLHHH
               1700 UDUDDDDDDDDDDDUDUUULLLLLLLLLLLHLHHH
               1720 DDUDDDDDDDDDDDUDUUULLLLLLLLLLLHLHHH
               1740 UDUDDDDDDDDDDDUDUUULLLLLLLLLLLHLHHH
               1760 DDUDDDDDDDDDDDUDUUULLLLLLLLLLLHLHHH
               1780 UDUDDDDDDDDDDDUDUUULLLLLLLLLLLHLHHH
               1800 DDUDDDDDDDDDDDUDUUULLLLLLLLLLLHLHHH
               1820 UDUDDDDDDDDDDDUDUUULLLLLLLLLLLHLHHH
               1840 DDUDDDDDDDDDDDUDUUULLLLLLLLLLLHLHHH
               1860 UDUDDDDDDDDDDDUDUUULLLLLLLLLLLHLHHH
               1880 DDUDDDDDDDDDDDUDUUULLLLLLLLLLLHLHHH
               1900 UDUDDDDDDDDDDDUDUUULLLLLLLLLLLHLHHH
               1920 DDUDDDDDDDDDDDUDUUULLLLLLLLLLLHLHHH
               1940 UDUDDDDDDDDDDDUDUUULLLLLLLLLLLHLHHH
               1960 DDUDDDDDDDDDDDUDUUULLLLLLLLLLLHLHHH
               1980 UDUDDDDDDDDDDDUDUUULLLLLLLLLLLHLHHH
               2000 DDUDDDDDDDDDDDUDUUULLLLLLLLLLLHLHHH
