                  0 UUDDDDNNNNNNNNNNNNNNNNLXXXXXXXXXXXXXXXXLLL
                 20 DUDDDDDDDDUDDDDUDDDDDDLLLLLHLLLLHLLLLLLLLL
                 40 UUDDDDDDDDUDDDDUDDDDDDLLLLLHLLLLHLLLLLLLLL
                 60 DUDDDDDDDDUDDDDUDDDDDDLLLLLHLLLLHLLLLLLLLL
                 62 DDDDDDDDDDUDDDDUDDDDDDLLLLLHLLLLHLLLLLLLLL
                 68 DDDDUDDDDDUDDDDUDDDDDDLLLLLHLLLLHLLLLLLLLL
                 80 UDDDUDDDDDUDDDDUDDDDDDHHLLLHLLLLHLLLLLLLLL
                100 DDDDUDDDDDUDDDDUDDDDDDHHLLLHLLLLHLLLLLLLLL
                120 UDDDUDDDDDUDDDDUDDDDDDLLLLLHLLLLHLLLLLLLLL
                140 DDDDUDDDDDUDDDDUDDDDDDLLLLLHLLLLHLLLLLLLLL
                148 DDDDDUDDDDUDDDDUDDDDDDLLLLLHLLLLHLLLLLLLLL
                160 UDDDDUDDDDUDDDDUDDDDDDLLLLLHLLLLHLLLLLLHLH
                180 DDDDDUDDDDUDDDDUDDDDDDLLLLLHLLLLHLLLLLLHLH
                200 UDDDDUDDDDUDDDDUDDDDDDLLLLLHLLLLHLLLLLLLLL
                220 DDDDDUDDDDUDDDDUDDDDDDLLLLLHLLLLHLLLLLLLLL
                240 UDDDDUDDDDUDDDDUDDDDDDLLLLLHLLLLHLLLLLLHLH
                260 DDDDDUDDDDUDDDDUDDDDDDLLLLLHLLLLHLLLLLLHLH
                268 DDDDUDDDDDUDDDDUDDDDDDLLLLLHLLLLHLLLLLLHLH
                280 UDDDUDDDDDUDDDDUDDDDDDLLLLLHLLLLHLLLLLLLLH
                300 DDDDUDDDDDUDDDDUDDDDDDLLLLLHLLLLHLLLLLLLLH
                308 DDDUDDDDDDUDDDDUDDDDDDLLLLLHLLLLHLLLLLLLLH
                320 UDDUDDDDDDUDDDDUDDDDDDHLLLLHLLLHHLLLLLLLLH
                340 DDDUDDDDDDUDDDDUDDDDDDHLLLLHLLLHHLLLLLLLLH
                348 DDDDDDDDDDUDDDDUDDDDDDHLLLLHLLLHHLLLLLLLLH
                360 UDDDDDDDDDUDDDDUDDDDDDLLLLLHLLLLHLLLLLLLLH
                380 DDDDDDDDDDUDDDDUDDDDDDLLLLLHLLLLHLLLLLLLLH
                388 DDUDDDDDDDUDDDDUDDDDDDLLLLLHLLLLHLLLLLLLLH
                400 UDUDDDDDDDUDDDDUDDDDDDHLLLLLHLLHHLLLLLLLLH
                420 DDUDDDDDDDUDDDDUDDDDDDHLLLLLHLLHHLLLLLLLLH
                428 DDDDDDDDDDUDDDDUDDDDDDHLLLLLHLLHHLLLLLLLLH
                440 UDDDDDDDDDUDDDDUDDDDDDLLLLLHLLLLHLLLLLLLLH
                460 DDDDDDDDDDUDDDDUDDDDDDLLLLLHLLLLHLLLLLLLLH
                468 DDDDDUDDDDUDDDDUDDDDDDLLLLLHLLLLHLLLLLLLLH
                480 UDDDDUDDDDUDDDDUDDDDDDLLLLLHLLLLHLLLLLLLLL
                500 DDDDDUDDDDUDDDDUDDDDDDLLLLLHLLLLHLLLLLLLLL
                520 UDDDDUDDDDUDDDDUDDDDDDLLLLLHLLLLHLLLLLLHLH
                540 DDDDDUDDDDUDDDDUDDDDDDLLLLLHLLLLHLLLLLLHLH
                548 DDDDUDDDDDUDDDDUDDDDDDLLLLLHLLLLHLLLLLLHLH
                560 UDDDUDDDDDUDDDDUDDDDDDLLLLLHLLLLHLLLLLLLLH
                580 DDDDUDDDDDUDDDDUDDDDDDLLLLLHLLLLHLLLLLLLLH
                600 UDDDUDDDDDUDDDDUDDDDDDLLLLLHLLLLHLLLLLLLHL
                620 DDDDUDDDDDUDDDDUDDDDDDLLLLLHLLLLHLLLLLLLHL
                628 DDDUDDDDDDUDDDDUDDDDDDLLLLLHLLLLHLLLLLLLHL
                640 UDDUDDDDDDUDDDDUDDDDDDHLLLLHLLLLHLLLLLHLHL
                660 DDDUDDDDDDUDDDDUDDDDDDHLLLLHLLLLHLLLLLHLHL
                668 DDDDDDDDDDUDDDDUDDDDDDHLLLLHLLLLHLLLLLHLHL
                680 UDDDDDDDDDUDDDDUDDDDDDLLLLLHLLLLHLLLLLLLHL
                700 DDDDDDDDDDUDDDDUDDDDDDLLLLLHLLLLHLLLLLLLHL
                708 DDUDDDDDDDUDDDDUDDDDDDLLLLLHLLLLHLLLLLLLHL
                720 UDUDDDDDDDUDDDDUDDDDDDHLLLLHLLLLLHHHLLHLHL
                740 DDUDDDDDDDUDDDDUDDDDDDHLLLLHLLLLLHHHLLHLHL
                748 DDDDDDDDDDUDDDDUDDDDDDHLLLLHLLLLLHHHLLHLHL
                760 UDDDDDDDDDUDDDDUDDDDDDLLLLLHLLLLHLLLLLLLHL
                780 DDDDDDDDDDUDDDDUDDDDDDLLLLLHLLLLHLLLLLLLHL
                788 DDDDDUDDDDUDDDDUDDDDDDLLLLLHLLLLHLLLLLLLHL
                800 UDDDDUDDDDUDDDDUDDDDDDLLLLLHLLLLHLLLLLLLLL
                820 DDDDDUDDDDUDDDDUDDDDDDLLLLLHLLLLHLLLLLLLLL
                840 UDDDDUDDDDUDDDDUDDDDDDLLLLLHLLLLHLLLLLLHLH
                860 DDDDDUDDDDUDDDDUDDDDDDLLLLLHLLLLHLLLLLLHLH
                868 DDDDUDDDDDUDDDDUDDDDDDLLLLLHLLLLHLLLLLLHLH
                880 UDDDUDDDDDUDDDDUDDDDDDLLLLLHLLLLHLLLLLLLLH
                900 DDDDUDDDDDUDDDDUDDDDDDLLLLLHLLLLHLLLLLLLLH
                920 UDDDUDDDDDUDDDDUDDDDDDLLLLLHLLLLHLLLLLLLHL
                940 DDDDUDDDDDUDDDDUDDDDDDLLLLLHLLLLHLLLLLLLHL
                960 UDDDUDDDDDUDDDDUDDDDDDLLLLLHLLLLHLLLLLLLLL
                980 DDDDUDDDDDUDDDDUDDDDDDLLLLLHLLLLHLLLLLLLLL
                988 DDDDDUDDDDUDDDDUDDDDDDLLLLLHLLLLHLLLLLLLLL
               1000 UDDDDUDDDDUDDDDUDDDDDDLLLLLHLLLLHLLLLLLHLH
               1020 DDDDDUDDDDUDDDDUDDDDDDLLLLLHLLLLHLLLLLLHLH
               1028 DDUDDDDDDDUDDDDUDDDDDDLLLLLHLLLLHLLLLLLHLH
               1040 UDUDDDDDDDUDDDDUDDDDDDLLLLLHLLLLHLLLLLLLHH
               1060 DDUDDDDDDDUDDDDUDDDDDDLLLLLHLLLLHLLLLLLLHH
               1068 DDDDDUDDDDUDDDDUDDDDDDLLLLLHLLLLHLLLLLLLHH
               1080 UDDDDUDDDDUDDDDUDDDDDDLLLLLHLLLLHLLLLLLLLL
               1100 DDDDDUDDDDUDDDDUDDDDDDLLLLLHLLLLHLLLLLLLLL
               1120 UDDDDUDDDDUDDDDUDDDDDDLLLLLHLLLLHLLLLLLHLH
               1140 DDDDDUDDDDUDDDDUDDDDDDLLLLLHLLLLHLLLLLLHLH
               1148 DDDUDDDDDDUDDDDUDDDDDDLLLLLHLLLLHLLLLLLHLH
               1160 UDDUDDDDDDUDDDDUDDDDDDLLLLLHLLLLHLLLLLLHLL
               1180 DDDUDDDDDDUDDDDUDDDDDDLLLLLHLLLLHLLLLLLHLL
               1200 UDDUDDDDDDUDDDDUDDDDDDLLLLLHLLLLHLLLLLLLHH
               1220 DDDUDDDDDDUDDDDUDDDDDDLLLLLHLLLLHLLLLLLLHH
               1240 UDDUDDDDDDUDDDDUDDDDDDLLLLLHLLLLHLLLLLLHLH
               1260 DDDUDDDDDDUDDDDUDDDDDDLLLLLHLLLLHLLLLLLHLH
               1268 DDUDDDDDDDUDDDDUDDDDDDLLLLLHLLLLHLLLLLLHLH
               1280 UDUDDDDDDDUDDDDUDDDDDDLLLLLHLLLLHLLLLLLLHH
               1300 DDUDDDDDDDUDDDDUDDDDDDLLLLLHLLLLHLLLLLLLHH
               1320 UDUDDDDDDDUDDDDUDDDDDDLLLLLHLLLLHLLLLLLHLL
               1340 DDUDDDDDDDUDDDDUDDDDDDLLLLLHLLLLHLLLLLLHLL
               1360 UDUDDDDDDDUDDDDUDDDDDDLLLLLHLLLLHLLLLLLHLH
               1380 DDUDDDDDDDUDDDDUDDDDDDLLLLLHLLLLHLLLLLLHLH
               1400 UDUDDDDDDDUDDDDUDDDDDDLLLLLHLLLLHLLLLLLLHH
               1420 DDUDDDDDDDUDDDDUDDDDDDLLLLLHLLLLHLLLLLLLHH
               1428 DDDDUDDDDDUDDDDUDDDDDDLLLLLHLLLLHLLLLLLLHH
               1440 UDDDUDDDDDUDDDDUDDDDDDHLHLLHLLLLHLLLLLLLHH
               1460 DDDDUDDDDDUDDDDUDDDDDDHLHLLHLLLLHLLLLLLLHH
               1468 DDDDDDDDDDUDDDDUDDDDDDHLHLLHLLLLHLLLLLLLHH
               1480 UDDDDDDDDDUDDDDUDDDDDDLLLLLHLLLLHLLLLLLLHH
               1500 DDDDDDDDDDUDDDDUDDDDDDLLLLLHLLLLHLLLLLLLHH
               1508 DDUDDDDDDDUDDDDUDDDDDDLLLLLHLLLLHLLLLLLLHH
               1520 UDUDDDDDDDUDDDDUDDDDDDLLLLLHLLLLHLLLLLLHLL
               1540 DDUDDDDDDDUDDDDUDDDDDDLLLLLHLLLLHLLLLLLHLL
               1548 DDDDUDDDDDUDDDDUDDDDDDLLLLLHLLLLHLLLLLLHLL
               1560 UDDDUDDDDDUDDDDUDDDDDDHLLHLHLLLLHLLLLLLHLL
               1580 DDDDUDDDDDUDDDDUDDDDDDHLLHLHLLLLHLLLLLLHLL
               1588 DDDDDDDDDDUDDDDUDDDDDDHLLHLHLLLLHLLLLLLHLL
               1600 UDDDDDDDDDUDDDDUDDDDDDLLLLLHLLLLHLLLLLLHLL
               1620 DDDDDDDDDDUDDDDUDDDDDDLLLLLHLLLLHLLLLLLHLL
               1628 DDDDDUDDDDUDDDDUDDDDDDLLLLLHLLLLHLLLLLLHLL
               1640 UDDDDUDDDDUDDDDUDDDDDDLLLLLHLLLLHLLLLLLLLL
               1660 DDDDDUDDDDUDDDDUDDDDDDLLLLLHLLLLHLLLLLLLLL
               1668 DDDDDDDDDDUDDDDUDDDDDDLLLLLHLLLLHLLLLLLLLL
               1680 UDDDDDDDDDUDDDDUDDDDDDLLLLLHLLLLHLLLLLLLLL
               1700 DDDDDDDDDDUDDDDUDDDDDDLLLLLHLLLLHLLLLLLLLL
               1720 UDDDDDDDDDUDDDDUDDDDDDLLLLLHLLLLHLLLLLLLLL
               1740 DDDDDDDDDDUDDDDUDDDDDDLLLLLHLLLLHLLLLLLLLL
               1760 UDDDDDDDDDUDDDDUDDDDDDLLLLLHLLLLHLLLLLLLLL
               1780 DDDDDDDDDDUDDDDUDDDDDDLLLLLHLLLLHLLLLLLLLL
               1800 UDDDDDDDDDUDDDDUDDDDDDLLLLLHLLLLHLLLLLLLLL
               1820 DDDDDDDDDDUDDDDUDDDDDDLLLLLHLLLLHLLLLLLLLL
               1840 UDDDDDDDDDUDDDDUDDDDDDLLLLLHLLLLHLLLLLLLLL
               1860 DDDDDDDDDDUDDDDUDDDDDDLLLLLHLLLLHLLLLLLLLL
               1880 UDDDDDDDDDUDDDDUDDDDDDLLLLLHLLLLHLLLLLLLLL
               1900 DDDDDDDDDDUDDDDUDDDDDDLLLLLHLLLLHLLLLLLLLL
               1920 UDDDDDDDDDUDDDDUDDDDDDLLLLLHLLLLHLLLLLLLLL
               1940 DDDDDDDDDDUDDDDUDDDDDDLLLLLHLLLLHLLLLLLLLL
               1960 UDDDDDDDDDUDDDDUDDDDDDLLLLLHLLLLHLLLLLLLLL
               1980 DDDDDDDDDDUDDDDUDDDDDDLLLLLHLLLLHLLLLLLLLL
               2000 UDDDDDDDDDUDDDDUDDDDDDLLLLLHLLLLHLLLLLLLLL
               2020 DDDDDDDDDDUDDDDUDDDDDDLLLLLHLLLLHLLLLLLLLL
               2040 UDDDDDDDDDUDDDDUDDDDDDLLLLLHLLLLHLLLLLLLLL
               2060 DDDDDDDDDDUDDDDUDDDDDDLLLLLHLLLLHLLLLLLLLL
               2080 UDDDDDDDDDUDDDDUDDDDDDLLLLLHLLLLHLLLLLLLLL
               2100 DDDDDDDDDDUDDDDUDDDDDDLLLLLHLLLLHLLLLLLLLL
               2120 UDDDDDDDDDUDDDDUDDDDDDLLLLLHLLLLHLLLLLLLLL
               2140 DDDDDDDDDDUDDDDUDDDDDDLLLLLHLLLLHLLLLLLLLL
               2160 UDDDDDDDDDUDDDDUDDDDDDLLLLLHLLLLHLLLLLLLLL
               2180 DDDDDDDDDDUDDDDUDDDDDDLLLLLHLLLLHLLLLLLLLL
               2200 UDDDDDDDDDUDDDDUDDDDDDLLLLLHLLLLHLLLLLLLLL
               2220 DDDDDDDDDDUDDDDUDDDDDDLLLLLHLLLLHLLLLLLLLL
               2240 UDDDDDDDDDUDDDDUDDDDDDLLLLLHLLLLHLLLLLLLLL
               2260 DDDDDDDDDDUDDDDUDDDDDDLLLLLHLLLLHLLLLLLLLL
               2280 UDDDDDDDDDUDDDDUDDDDDDLLLLLHLLLLHLLLLLLLLL
               2300 DDDDDDDDDDUDDDDUDDDDDDLLLLLHLLLLHLLLLLLLLL
               2320 UDDDDDDDDDUDDDDUDDDDDDLLLLLHLLLLHLLLLLLLLL
               2340 DDDDDDDDDDUDDDDUDDDDDDLLLLLHLLLLHLLLLLLLLL
               2360 UDDDDDDDDDUDDDDUDDDDDDLLLLLHLLLLHLLLLLLLLL
               2380 DDDDDDDDDDUDDDDUDDDDDDLLLLLHLLLLHLLLLLLLLL
               2400 UDDDDDDDDDUDDDDUDDDDDDLLLLLHLLLLHLLLLLLLLL
               2420 DDDDDDDDDDUDDDDUDDDDDDLLLLLHLLLLHLLLLLLLLL
               2440 UDDDDDDDDDUDDDDUDDDDDDLLLLLHLLLLHLLLLLLLLL
               2460 DDDDDDDDDDUDDDDUDDDDDDLLLLLHLLLLHLLLLLLLLL
               2480 UDDDDDDDDDUDDDDUDDDDDDLLLLLHLLLLHLLLLLLLLL
               2500 DDDDDDDDDDUDDDDUDDDDDDLLLLLHLLLLHLLLLLLLLL
