# Tabular Link File created on Mon 12 Jan 2015 14:17:53
# By Program: design_flow
# From Source: /home/mgeertjes/datum/datum.lst
# Clock_column: 0
INP clk;
INP reset;
INP ready;
INP tijd_uren_4_0_4;
INP tijd_uren_4_0_3;
INP tijd_uren_4_0_2;
INP tijd_uren_4_0_1;
INP tijd_uren_4_0_0;
INP dagvdweek_2_0_2;
INP dagvdweek_2_0_1;
INP dagvdweek_2_0_0;
INP dagvdmaand_5_0_5;
INP dagvdmaand_5_0_4;
INP dagvdmaand_5_0_3;
INP dagvdmaand_5_0_2;
INP dagvdmaand_5_0_1;
INP dagvdmaand_5_0_0;
INP maand_4_0_4;
INP maand_4_0_3;
INP maand_4_0_2;
INP maand_4_0_1;
INP maand_4_0_0;
INP jaar_7_0_7;
INP jaar_7_0_6;
INP jaar_7_0_5;
INP jaar_7_0_4;
INP jaar_7_0_3;
INP jaar_7_0_2;
INP jaar_7_0_1;
INP jaar_7_0_0;
OUT x_6_0_6;
OUT x_6_0_5;
OUT x_6_0_4;
OUT x_6_0_3;
OUT x_6_0_2;
OUT x_6_0_1;
OUT x_6_0_0;
OUT y_5_0_5;
OUT y_5_0_4;
OUT y_5_0_3;
OUT y_5_0_2;
OUT y_5_0_1;
OUT y_5_0_0;
OUT c_6_0_6;
OUT c_6_0_5;
OUT c_6_0_4;
OUT c_6_0_3;
OUT c_6_0_2;
OUT c_6_0_1;
OUT c_6_0_0;
PERIOD 2000ns;
TIME_UNIT 1.0e-10s;
TABLE_FORMAT D<50c;
DATA_SECTION
             00<HHLLLHLHLLHLLLLLHLLLLHLLLLLLLHllllllllllllllllllll
          10000<LHLLLHLHLLHLLLLLHLLLLHLLLLLLLHllllllllllllllllllll
          20000<HHLLLHLHLLHLLLLLHLLLLHLLLLLLLHllhlhlhlhhlhhlllllll
          29000<HLLLLHLHLLHLLLLLHLLLLHLLLLLLLHllhlhlhlhhlhhlllllll
          30000<LLLLLHLHLLHLLLLLHLLLLHLLLLLLLHllhlhlhlhhlhhlllllll
          40000<HLLLLHLHLLHLLLLLHLLLLHLLLLLLLHllhlhlhlhhlhhllhhlll
          50000<LLLLLLHLLLHLLLLLHLLLLHLLLLLLLHllhlhlhlhhlhhllhhlll
          50200<LLHLLLHLLLHLLLLLHLLLLHLLLLLLLHllhlhlhlhhlhhllhhlll
          60000<HLHLLLHLLLHLLLLLHLLLLHLLLLLLLHllhlhlhlhhlhhlllhhhl
          60200<HLLLLLHLLLHLLLLLHLLLLHLLLLLLLHllhlhlhlhhlhhlllhhhl
          70000<LLLLLLHLLLHLLLLLHLLLLHLLLLLLLHllhlhlhlhhlhhlllhhhl
          80000<HLLLLLHLLLHLLLLLHLLLLHLLLLLLLHlhlhhlllhhlhhlllllll
          90000<LLLLLLHLLLHLLLLLHLLLLHLLLLLLLHlhlhhlllhhlhhlllllll
         100000<HLLLLLLLLHLLLLLHLLLLHLLLLHLLHHlhlhhlllhhlhhllhlhhh
         100200<HLHLLLLLLHLLLLLHLLLLHLLLLHLLHHlhlhhlllhhlhhllhlhhh
         110000<LLHLLLLLLHLLLLLHLLLLHLLLLHLLHHlhlhhlllhhlhhllhlhhh
         120000<HLHLLLHHLHLLLLLHLLLLHLLLLHLLHHlhlhhlllhhlhhllhlhhh
         120200<HLLLLLHHLHLLLLLHLLLLHLLLLHLLHHlhlhhlllhhlhhllhlhhh
         130000<LLLLLLHHLHLLLLLHLLLLHLLLLHLLHHlhlhhlllhhlhhllhlhhh
         140000<HLLLLLHHLHLLLLLHLLLLHLLLLHLLHHlhhllhllhhlhhlllllll
         140200<HLHLLLHHLHLLLLLHLLLLHLLLLHLLHHlhhllhllhhlhhlllllll
         150000<LLHLLLHHLHLLLLLHLLLLHLLLLHLLHHlhhllhllhhlhhlllllll
         160000<HLHLLLHHLHLLLLLHLLLLHLLLLHLLHHlhhllhllhhlhhlllhhhh
         170000<LLHLLLHHLHLLLLLHLLLLHLLLLHLLHHlhhllhllhhlhhlllhhhh
         180000<HLHLLLHHLHLLLLLHLLLLHLLLLHLLHHlhhllhllhhlhhlllhhhh
         190000<LLHLLLHHLHLLLLLHLLLLHLLLLHLLHHlhhllhllhhlhhlllhhhh
         200000<HLHLLLHHLHLLLLLHLLLLHLLLLHLLHHlhhllhllhhlhhlllhhhh
         200200<HLLLLLHHLHLLLLLHLLLLHLLLLHLLHHlhhllhllhhlhhlllhhhh
         210000<LLLLLLHHLHLLLLLHLLLLHLLLLHLLHHlhhllhllhhlhhlllhhhh
         220000<HLLLLLHHLHLLLLLHLLLLHLLLLHLLHHlhhhhlllhhlhhlllllll
         230000<LLLLLLHHLHLLLLLHLLLLHLLLLHLLHHlhhhhlllhhlhhlllllll
         240000<HLLLLLHHLHLLLLLHLLLLHLLLLHLLHHlhhhhlllhhlhhllhlhhh
         250000<LLLLLLHHLHLLLLLHLLLLHLLLLHLLHHlhhhhlllhhlhhllhlhhh
         260000<HLLLLLHHLHLLLLLHLLLLHLLLLHLLHHlhhhhlllhhlhhllhlhhh
         270000<LLLLLLHHLHLLLLLHLLLLHLLLLHLLHHlhhhhlllhhlhhllhlhhh
         280000<HLLLLLHHLHLLLLLHLLLLHLLLLHLLHHlhhhhlllhhlhhllhlhhh
         290000<LLLLLLHHLHLLLLLHLLLLHLLLLHLLHHlhhhhlllhhlhhllhlhhh
         300000<HLLLLLHHLHLLLLLHLLLLHLLLLHLLHHlhhhhlllhhlhhllhlhhh
         310000<LLLLLLHHLHLLLLLHLLLLHLLLLHLLHHlhhhhlllhhlhhllhlhhh
         320000<HLLLLLHHLHLLLLLHLLLLHLLLLHLLHHlhhhhlllhhlhhllhlhhh
         330000<LLLLLLHHLHLLLLLHLLLLHLLLLHLLHHlhhhhlllhhlhhllhlhhh
         340000<HLLLLLHHLHLLLLLHLLLLHLLLLHLLHHlhhhhlllhhlhhllhlhhh
         350000<LLLLLLHHLHLLLLLHLLLLHLLLLHLLHHlhhhhlllhhlhhllhlhhh
         360000<HLLLLLHHLHLLLLLHLLLLHLLLLHLLHHlhhhhlllhhlhhllhlhhh
         370000<LLLLLLHHLHLLLLLHLLLLHLLLLHLLHHlhhhhlllhhlhhllhlhhh
         380000<HLLLLLHHLHLLLLLHLLLLHLLLLHLLHHlhhhhlllhhlhhllhlhhh
         390000<LLLLLLHHLHLLLLLHLLLLHLLLLHLLHHlhhhhlllhhlhhllhlhhh
         400000<HLLLLLHHLHLLLLLHLLLLHLLLLHLLHHlhhhhlllhhlhhllhlhhh
         410000<LLLLLLHHLHLLLLLHLLLLHLLLLHLLHHlhhhhlllhhlhhllhlhhh
         420000<HLLLLLHHLHLLLLLHLLLLHLLLLHLLHHlhhhhlllhhlhhllhlhhh
         430000<LLLLLLHHLHLLLLLHLLLLHLLLLHLLHHlhhhhlllhhlhhllhlhhh
         440000<HLLLLLHHLHLLLLLHLLLLHLLLLHLLHHlhhhhlllhhlhhllhlhhh
         450000<LLLLLLHHLHLLLLLHLLLLHLLLLHLLHHlhhhhlllhhlhhllhlhhh
         460000<HLLLLLHHLHLLLLLHLLLLHLLLLHLLHHlhhhhlllhhlhhllhlhhh
         470000<LLLLLLHHLHLLLLLHLLLLHLLLLHLLHHlhhhhlllhhlhhllhlhhh
         480000<HLLLLLHHLHLLLLLHLLLLHLLLLHLLHHlhhhhlllhhlhhllhlhhh
         490000<LLLLLLHHLHLLLLLHLLLLHLLLLHLLHHlhhhhlllhhlhhllhlhhh
         500000<HLLLLLLLLHHLLLLHHLLLHHLLLHLLLHlhhhhlllhhlhhllhlhhh
         500200<HLHLLLLLLHHLLLLHHLLLHHLLLHLLLHlhhhhlllhhlhhllhlhhh
         501000<HLHLLHLLLHHLLLLHHLLLHHLLLHLLLHlhhhhlllhhlhhllhlhhh
         510000<LLHLLHLLLHHLLLLHHLLLHHLLLHLLLHlhhhhlllhhlhhllhlhhh
         520000<HLHLLHLLLHHLLLLHHLLLHHLLLHLLLHlhhhhlllhhlhhllhlhhh
         530000<LLHLLHLLLHHLLLLHHLLLHHLLLHLLLHlhhhhlllhhlhhllhlhhh
         540000<HLHLLHLLLHHLLLLHHLLLHHLLLHLLLHlhhhhlllhhlhhllhlhhh
         550000<LLHLLHLLLHHLLLLHHLLLHHLLLHLLLHlhhhhlllhhlhhllhlhhh
         560000<HLHLLHLLLHHLLLLHHLLLHHLLLHLLLHlhhhhlllhhlhhllhlhhh
         560200<HLLLLHLLLHHLLLLHHLLLHHLLLHLLLHlhhhhlllhhlhhllhlhhh
         570000<LLLLLHLLLHHLLLLHHLLLHHLLLHLLLHlhhhhlllhhlhhllhlhhh
         580000<HLLLLHLLLHHLLLLHHLLLHHLLLHLLLHhllllhllhhlhhlllllll
         590000<LLLLLHLLLHHLLLLHHLLLHHLLLHLLLHhllllhllhhlhhlllllll
         600000<HLLLLHLLLHHLLLLHHLLLHHLLLHLLLHhllllhllhhlhhllhllll
         600200<HLHLLHLLLHHLLLLHHLLLHHLLLHLLLHhllllhllhhlhhllhllll
         610000<LLHLLHLLLHHLLLLHHLLLHHLLLHLLLHhllllhllhhlhhllhllll
         620000<HLHLLHLLLHHLLLLHHLLLHHLLLHLLLHhllllhllhhlhhllhllll
         630000<LLHLLHLLLHHLLLLHHLLLHHLLLHLLLHhllllhllhhlhhllhllll
         640000<HLHLLHLLLHHLLLLHHLLLHHLLLHLLLHhllllhllhhlhhllhllll
         650000<LLHLLHLLLHHLLLLHHLLLHHLLLHLLLHhllllhllhhlhhllhllll
         660000<HLHLLHLLLHHLLLLHHLLLHHLLLHLLLHhllllhllhhlhhllhllll
         670000<LLHLLHLLLHHLLLLHHLLLHHLLLHLLLHhllllhllhhlhhllhllll
         680000<HLHLLHLLLHHLLLLHHLLLHHLLLHLLLHhllllhllhhlhhllhllll
         690000<LLHLLHLLLHHLLLLHHLLLHHLLLHLLLHhllllhllhhlhhllhllll
         700000<HLHLLHLLLHHLLLLHHLLLHHLLLHLLLHhllllhllhhlhhllhllll
         700200<HLLLLHLLLHHLLLLHHLLLHHLLLHLLLHhllllhllhhlhhllhllll
         710000<LLLLLHLLLHHLLLLHHLLLHHLLLHLLLHhllllhllhhlhhllhllll
         720000<HLLLLHLLLHHLLLLHHLLLHHLLLHLLLHhllhhlllhhlhhlllllll
         730000<LLLLLHLLLHHLLLLHHLLLHHLLLHLLLHhllhhlllhhlhhlllllll
         740000<HLLLLHLLLHHLLLLHHLLLHHLLLHLLLHhllhhlllhhlhhlllhhhl
         750000<LLLLLHLLLHHLLLLHHLLLHHLLLHLLLHhllhhlllhhlhhlllhhhl
         760000<HLLLLHLLLHHLLLLHHLLLHHLLLHLLLHhllhhlllhhlhhlllhhhl
         770000<LLLLLHLLLHHLLLLHHLLLHHLLLHLLLHhllhhlllhhlhhlllhhhl
         780000<HLLLLHLLLHHLLLLHHLLLHHLLLHLLLHhllhhlllhhlhhlllhhhl
         790000<LLLLLHLLLHHLLLLHHLLLHHLLLHLLLHhllhhlllhhlhhlllhhhl
         800000<HLLLLHLLLHHLLLLHHLLLHHLLLHLLLHhllhhlllhhlhhlllhhhl
         810000<LLLLLHLLLHHLLLLHHLLLHHLLLHLLLHhllhhlllhhlhhlllhhhl
         820000<HLLLLHLLLHHLLLLHHLLLHHLLLHLLLHhllhhlllhhlhhlllhhhl
         830000<LLLLLHLLLHHLLLLHHLLLHHLLLHLLLHhllhhlllhhlhhlllhhhl
         840000<HLLLLHLLLHHLLLLHHLLLHHLLLHLLLHhllhhlllhhlhhlllhhhl
         850000<LLLLLHLLLHHLLLLHHLLLHHLLLHLLLHhllhhlllhhlhhlllhhhl
         860000<HLLLLHLLLHHLLLLHHLLLHHLLLHLLLHhllhhlllhhlhhlllhhhl
         870000<LLLLLHLLLHHLLLLHHLLLHHLLLHLLLHhllhhlllhhlhhlllhhhl
         880000<HLLLLHLLLHHLLLLHHLLLHHLLLHLLLHhllhhlllhhlhhlllhhhl
         890000<LLLLLHLLLHHLLLLHHLLLHHLLLHLLLHhllhhlllhhlhhlllhhhl
         900000<HLLLLHLLLHHLLLLHHLLLHHLLLHLLLHhllhhlllhhlhhlllhhhl
         910000<LLLLLHLLLHHLLLLHHLLLHHLLLHLLLHhllhhlllhhlhhlllhhhl
         920000<HLLLLHLLLHHLLLLHHLLLHHLLLHLLLHhllhhlllhhlhhlllhhhl
         930000<LLLLLHLLLHHLLLLHHLLLHHLLLHLLLHhllhhlllhhlhhlllhhhl
         940000<HLLLLHLLLHHLLLLHHLLLHHLLLHLLLHhllhhlllhhlhhlllhhhl
         950000<LLLLLHLLLHHLLLLHHLLLHHLLLHLLLHhllhhlllhhlhhlllhhhl
         960000<HLLLLHLLLHHLLLLHHLLLHHLLLHLLLHhllhhlllhhlhhlllhhhl
         970000<LLLLLHLLLHHLLLLHHLLLHHLLLHLLLHhllhhlllhhlhhlllhhhl
         980000<HLLLLHLLLHHLLLLHHLLLHHLLLHLLLHhllhhlllhhlhhlllhhhl
         990000<LLLLLHLLLHHLLLLHHLLLHHLLLHLLLHhllhhlllhhlhhlllhhhl
        1000000<HLLLLLLLHLLLLLHLLLLHLLLLHLHHLHhllhhlllhhlhhlllhhhh
        1000200<HLHLLLLLHLLLLLHLLLLHLLLLHLHHLHhllhhlllhhlhhlllhhhh
        1010000<LLHLLLLLHLLLLLHLLLLHLLLLHLHHLHhllhhlllhhlhhlllhhhh
        1020000<HLHLLLLLHLLLLLHLLLLHLLLLHLHHLHhllhhlllhhlhhlllhhhh
        1020200<HLLLLLLLHLLLLLHLLLLHLLLLHLHHLHhllhhlllhhlhhlllhhhh
        1030000<LLLLLLLLHLLLLLHLLLLHLLLLHLHHLHhllhhlllhhlhhlllhhhh
        1040000<HLLLLLLLHLLLLLHLLLLHLLLLHLHHLHhlhllhllhhlhhlllllll
        1050000<LLLLLLLLHLLLLLHLLLLHLLLLHLHHLHhlhllhllhhlhhlllllll
        1060000<HLLLLLLLHLLLLLHLLLLHLLLLHLHHLHhlhllhllhhlhhlllllll
        1070000<LLLLLLLLHLLLLLHLLLLHLLLLHLHHLHhlhllhllhhlhhlllllll
        1080000<HLLLLLLLHLLLLLHLLLLHLLLLHLHHLHhlhllhllhhlhhlllllll
        1090000<LLLLLLLLHLLLLLHLLLLHLLLLHLHHLHhlhllhllhhlhhlllllll
        1100000<HLLLLLLLHLLLLLHLLLLHLLLLHLHHLHhlhllhllhhlhhlllllll
        1100200<HLHLLLLLHLLLLLHLLLLHLLLLHLHHLHhlhllhllhhlhhlllllll
        1110000<LLHLLLLLHLLLLLHLLLLHLLLLHLHHLHhlhllhllhhlhhlllllll
        1120000<HLHLLLLLHLLLLLHLLLLHLLLLHLHHLHhlhllhllhhlhhlllllll
        1130000<LLHLLLLLHLLLLLHLLLLHLLLLHLHHLHhlhllhllhhlhhlllllll
        1140000<HLHLLLLLHLLLLLHLLLLHLLLLHLHHLHhlhllhllhhlhhlllllll
        1150000<LLHLLLLLHLLLLLHLLLLHLLLLHLHHLHhlhllhllhhlhhlllllll
        1153000<LLHLHHLHHLLLLLHLLLLHLLLLHLHHLHhlhllhllhhlhhlllllll
        1160000<HLHLHHLHHLLLLLHLLLLHLLLLHLHHLHhlhllhllhhlhhlllllll
        1170000<LLHLHHLHHLLLLLHLLLLHLLLLHLHHLHhlhllhllhhlhhlllllll
        1180000<HLHLHHLHHLLLLLHLLLLHLLLLHLHHLHhlhllhllhhlhhlllllll
        1190000<LLHLHHLHHLLLLLHLLLLHLLLLHLHHLHhlhllhllhhlhhlllllll
        1190200<LLLLHHLHHLLLLLHLLLLHLLLLHLHHLHhlhllhllhhlhhlllllll
        1200000<HLLLLLLLHLHLLHHLHLHHLHLHLLHHLHllllllllllllllllllll
        1210000<LLLLLLLLHLHLLHHLHLHHLHLHLLHHLHllllllllllllllllllll
        1220000<HLLLLLLLHLHLLHHLHLHHLHLHLLHHLHllllllllllllllllllll
        1220200<HLHLLLLLHLHLLHHLHLHHLHLHLLHHLHllllllllllllllllllll
        1230000<LLHLLLLLHLHLLHHLHLHHLHLHLLHHLHllllllllllllllllllll
        1240000<HLHLLLLLHLHLLHHLHLHHLHLHLLHHLHllllllllllllllllllll
        1250000<LLHLLLLLHLHLLHHLHLHHLHLHLLHHLHllllllllllllllllllll
        1256000<LLHLLHHLHLHLLHHLHLHHLHLHLLHHLHllllllllllllllllllll
        1260000<HLHLLHHLHLHLLHHLHLHHLHLHLLHHLHllllllllllllllllllll
        1270000<LLHLLHHLHLHLLHHLHLHHLHLHLLHHLHllllllllllllllllllll
        1280000<HLHLLHHLHLHLLHHLHLHHLHLHLLHHLHllhlhlhlhhlhhlllllll
        1290000<LLHLLHHLHLHLLHHLHLHHLHLHLLHHLHllhlhlhlhhlhhlllllll
        1300000<HLHLLHHLHLHLLHHLHLHHLHLHLLHHLHllhlhlhlhhlhhlllllll
        1300200<HLLLLHHLHLHLLHHLHLHHLHLHLLHHLHllhlhlhlhhlhhlllllll
        1310000<LLLLLHHLHLHLLHHLHLHHLHLHLLHHLHllhlhlhlhhlhhlllllll
        1320000<HLLLLHHLHLHLLHHLHLHHLHLHLLHHLHllhlhlhlhhlhhlllllll
        1330000<LLLLLHHLHLHLLHHLHLHHLHLHLLHHLHllhlhlhlhhlhhlllllll
        1340000<HLLLLHHLHLHLLHHLHLHHLHLHLLHHLHllhlhlhlhhlhhlllllll
        1350000<LLLLLHHLHLHLLHHLHLHHLHLHLLHHLHllhlhlhlhhlhhlllllll
        1360000<HLLLLHHLHLHLLHHLHLHHLHLHLLHHLHllhlhlhlhhlhhlllllll
        1370000<LLLLLHHLHLHLLHHLHLHHLHLHLLHHLHllhlhlhlhhlhhlllllll
        1380000<HLLLLHHLHLHLLHHLHLHHLHLHLLHHLHllhlhlhlhhlhhlllllll
        1390000<LLLLLHHLHLHLLHHLHLHHLHLHLLHHLHllhlhlhlhhlhhlllllll
        1400000<HLLLLLLLHHLLLLHHLLLHHLLHLHHLHLllhlhlhlhhlhhlllllll
        1400200<HLHLLLLLHHLLLLHHLLLHHLLHLHHLHLllhlhlhlhhlhhlllllll
        1410000<LLHLLLLLHHLLLLHHLLLHHLLHLHHLHLllhlhlhlhhlhhlllllll
        1420000<HLHLLLLLHHLLLLHHLLLHHLLHLHHLHLllhlhlhlhhlhhlllllll
        1430000<LLHLLLLLHHLLLLHHLLLHHLLHLHHLHLllhlhlhlhhlhhlllllll
        1430200<LLLLLLLLHHLLLLHHLLLHHLLHLHHLHLllhlhlhlhhlhhlllllll
        1440000<HLLLLLLLHHLLLLHHLLLHHLLHLHHLHLllhlhlhlhhlhhllhhhlh
        1450000<LLLLLLLLHHLLLLHHLLLHHLLHLHHLHLllhlhlhlhhlhhllhhhlh
        1460000<HLLLLLLLHHLLLLHHLLLHHLLHLHHLHLllhlhlhlhhlhhllhllhh
        1470000<LLLLLLLLHHLLLLHHLLLHHLLHLHHLHLllhlhlhlhhlhhllhllhh
        1480000<HLLLLLLLHHLLLLHHLLLHHLLHLHHLHLllhlhlhlhhlhhllhllhh
        1490000<LLLLLLLLHHLLLLHHLLLHHLLHLHHLHLllhlhlhlhhlhhllhllhh
        1500000<HLLLLHHHHHLLLLHHLLLHHLLHLHHLHLllhlhlhlhhlhhllhllhh
        1500200<HLHLLHHHHHLLLLHHLLLHHLLHLHHLHLllhlhlhlhhlhhllhllhh
        1510000<LLHLLHHHHHLLLLHHLLLHHLLHLHHLHLllhlhlhlhhlhhllhllhh
        1520000<HLHLLHHHHHLLLLHHLLLHHLLHLHHLHLllhlhlhlhhlhhllhllhh
        1530000<LLHLLHHHHHLLLLHHLLLHHLLHLHHLHLllhlhlhlhhlhhllhllhh
        1540000<HLHLLHHHHHLLLLHHLLLHHLLHLHHLHLllhlhlhlhhlhhllhllhh
        1550000<LLHLLHHHHHLLLLHHLLLHHLLHLHHLHLllhlhlhlhhlhhllhllhh
        1560000<HLHLLHHHHHLLLLHHLLLHHLLHLHHLHLllhlhlhlhhlhhllhllhh
        1570000<LLHLLHHHHHLLLLHHLLLHHLLHLHHLHLllhlhlhlhhlhhllhllhh
        1580000<HLHLLHHHHHLLLLHHLLLHHLLHLHHLHLllhlhlhlhhlhhllhllhh
        1590000<LLHLLHHHHHLLLLHHLLLHHLLHLHHLHLllhlhlhlhhlhhllhllhh
        1600000<HLHLLHHHHHLLLLHHLLLHHLLHLHHLHLllhlhlhlhhlhhllhllhh
        1600200<HLLLLHHHHHLLLLHHLLLHHLLHLHHLHLllhlhlhlhhlhhllhllhh
        1610000<LLLLLHHHHHLLLLHHLLLHHLLHLHHLHLllhlhlhlhhlhhllhllhh
        1620000<HLLLLHHHHHLLLLHHLLLHHLLHLHHLHLlhlhhlllhhlhhlllllll
        1630000<LLLLLHHHHHLLLLHHLLLHHLLHLHHLHLlhlhhlllhhlhhlllllll
        1640000<HLLLLHHHHHLLLLHHLLLHHLLHLHHLHLlhlhhlllhhlhhllhlhhh
        1650000<LLLLLHHHHHLLLLHHLLLHHLLHLHHLHLlhlhhlllhhlhhllhlhhh
        1660000<HLLLLHHHHHLLLLHHLLLHHLLHLHHLHLlhlhhlllhhlhhllhlhhh
        1670000<LLLLLHHHHHLLLLHHLLLHHLLHLHHLHLlhlhhlllhhlhhllhlhhh
        1680000<HLLLLHHHHHLLLLHHLLLHHLLHLHHLHLlhlhhlllhhlhhllhlhhh
        1690000<LLLLLHHHHHLLLLHHLLLHHLLHLHHLHLlhlhhlllhhlhhllhlhhh
        1700000<HLLLLHHHHHLLLLHHLLLHHLLHLHHLHLlhlhhlllhhlhhllhlhhh
        1710000<LLLLLHHHHHLLLLHHLLLHHLLHLHHLHLlhlhhlllhhlhhllhlhhh
        1720000<HLLLLHHHHHLLLLHHLLLHHLLHLHHLHLlhlhhlllhhlhhllhlhhh
        1730000<LLLLLHHHHHLLLLHHLLLHHLLHLHHLHLlhlhhlllhhlhhllhlhhh
        1740000<HLLLLHHHHHLLLLHHLLLHHLLHLHHLHLlhlhhlllhhlhhllhlhhh
        1750000<LLLLLHHHHHLLLLHHLLLHHLLHLHHLHLlhlhhlllhhlhhllhlhhh
        1760000<HLLLLHHHHHLLLLHHLLLHHLLHLHHLHLlhlhhlllhhlhhllhlhhh
        1770000<LLLLLHHHHHLLLLHHLLLHHLLHLHHLHLlhlhhlllhhlhhllhlhhh
        1780000<HLLLLHHHHHLLLLHHLLLHHLLHLHHLHLlhlhhlllhhlhhllhlhhh
        1790000<LLLLLHHHHHLLLLHHLLLHHLLHLHHLHLlhlhhlllhhlhhllhlhhh
        1800000<HLLLLHHHHHLLLLHHLLLHHLLHLHHLHLlhlhhlllhhlhhllhlhhh
        1810000<LLLLLHHHHHLLLLHHLLLHHLLHLHHLHLlhlhhlllhhlhhllhlhhh
        1820000<HLLLLHHHHHLLLLHHLLLHHLLHLHHLHLlhlhhlllhhlhhllhlhhh
        1830000<LLLLLHHHHHLLLLHHLLLHHLLHLHHLHLlhlhhlllhhlhhllhlhhh
        1840000<HLLLLHHHHHLLLLHHLLLHHLLHLHHLHLlhlhhlllhhlhhllhlhhh
        1850000<LLLLLHHHHHLLLLHHLLLHHLLHLHHLHLlhlhhlllhhlhhllhlhhh
        1860000<HLLLLHHHHHLLLLHHLLLHHLLHLHHLHLlhlhhlllhhlhhllhlhhh
        1870000<LLLLLHHHHHLLLLHHLLLHHLLHLHHLHLlhlhhlllhhlhhllhlhhh
        1880000<HLLLLHHHHHLLLLHHLLLHHLLHLHHLHLlhlhhlllhhlhhllhlhhh
        1890000<LLLLLHHHHHLLLLHHLLLHHLLHLHHLHLlhlhhlllhhlhhllhlhhh
        1890200<LLHLLHHHHHLLLLHHLLLHHLLHLHHLHLlhlhhlllhhlhhllhlhhh
        1900000<HLHLLHHHHHLLLLHHLLLHHLLHLHHLHLlhlhhlllhhlhhllhlhhh
        1910000<LLHLLHHHHHLLLLHHLLLHHLLHLHHLHLlhlhhlllhhlhhllhlhhh
        1920000<HLHLLHHHHHLLLLHHLLLHHLLHLHHLHLlhlhhlllhhlhhllhlhhh
        1930000<LLHLLHHHHHLLLLHHLLLHHLLHLHHLHLlhlhhlllhhlhhllhlhhh
        1940000<HLHLLHHHHHLLLLHHLLLHHLLHLHHLHLlhlhhlllhhlhhllhlhhh
        1950000<LLHLLHHHHHLLLLHHLLLHHLLHLHHLHLlhlhhlllhhlhhllhlhhh
        1960000<HLHLLHHHHHLLLLHHLLLHHLLHLHHLHLlhlhhlllhhlhhllhlhhh
        1970000<LLHLLHHHHHLLLLHHLLLHHLLHLHHLHLlhlhhlllhhlhhllhlhhh
        1980000<HLHLLHHHHHLLLLHHLLLHHLLHLHHLHLlhlhhlllhhlhhllhlhhh
        1990000<LLHLLHHHHHLLLLHHLLLHHLLHLHHLHLlhlhhlllhhlhhllhlhhh
        2000000<HLHLLLLLHHHLLLHHHHLHHHHLHLHLHLlhlhhlllhhlhhllhlhhh
        2009200<HLLLLLLLHHHLLLHHHHLHHHHLHLHLHLlhlhhlllhhlhhllhlhhh
        2010000<LLLLLLLLHHHLLLHHHHLHHHHLHLHLHLlhlhhlllhhlhhllhlhhh
        2020000<HLLLLLLLHHHLLLHHHHLHHHHLHLHLHLlhhllhllhhlhhlllllll
        2030000<LLLLLLLLHHHLLLHHHHLHHHHLHLHLHLlhhllhllhhlhhlllllll
        2040000<HLLLLLLLHHHLLLHHHHLHHHHLHLHLHLlhhllhllhhlhhllhlhll
        2050000<LLLLLLLLHHHLLLHHHHLHHHHLHLHLHLlhhllhllhhlhhllhlhll
        2050200<LLHLLLLLHHHLLLHHHHLHHHHLHLHLHLlhhllhllhhlhhllhlhll
        2060000<HLHLLLLLHHHLLLHHHHLHHHHLHLHLHLlhhllhllhhlhhllhlhll
        2070000<LLHLLLLLHHHLLLHHHHLHHHHLHLHLHLlhhllhllhhlhhllhlhll
        2075200<LLLLLLLLHHHLLLHHHHLHHHHLHLHLHLlhhllhllhhlhhllhlhll
        2080000<HLLLLLLLHHHLLLHHHHLHHHHLHLHLHLlhhhhlllhhlhhlllllll
        2090000<LLLLLLLLHHHLLLHHHHLHHHHLHLHLHLlhhhhlllhhlhhlllllll
        2100000<HLLLLLLLHHHLLLHHHHLHHHHLHLHLHLlhhhhlllhhlhhlllhhhl
        2100200<HLHLLLLLHHHLLLHHHHLHHHHLHLHLHLlhhhhlllhhlhhlllhhhl
        2110000<LLHLLLLLHHHLLLHHHHLHHHHLHLHLHLlhhhhlllhhlhhlllhhhl
        2120000<HLHLLLLLHHHLLLHHHHLHHHHLHLHLHLlhhhhlllhhlhhlllhhhl
        2130000<LLHLLLLLHHHLLLHHHHLHHHHLHLHLHLlhhhhlllhhlhhlllhhhl
        2140000<HLHLLLLLHHHLLLHHHHLHHHHLHLHLHLlhhhhlllhhlhhlllhhhl
        2150000<LLHLLLLLHHHLLLHHHHLHHHHLHLHLHLlhhhhlllhhlhhlllhhhl
        2160000<HLHLLLLLHHHLLLHHHHLHHHHLHLHLHLlhhhhlllhhlhhlllhhhl
        2170000<LLHLLLLLHHHLLLHHHHLHHHHLHLHLHLlhhhhlllhhlhhlllhhhl
        2180000<HLHLLLLLHHHLLLHHHHLHHHHLHLHLHLlhhhhlllhhlhhlllhhhl
        2190000<LLHLLLLLHHHLLLHHHHLHHHHLHLHLHLlhhhhlllhhlhhlllhhhl
        2200000<HLHLLLLLHHHLLLHHHHLHHHHLHLHLHLlhhhhlllhhlhhlllhhhl
        2200200<HLLLLLLLHHHLLLHHHHLHHHHLHLHLHLlhhhhlllhhlhhlllhhhl
        2210000<LLLLLLLLHHHLLLHHHHLHHHHLHLHLHLlhhhhlllhhlhhlllhhhl
        2220000<HLLLLLLLHHHLLLHHHHLHHHHLHLHLHLhllllhllhhlhhlllllll
        2230000<LLLLLLLLHHHLLLHHHHLHHHHLHLHLHLhllllhllhhlhhlllllll
        2240000<HLLLLLLLHHHLLLHHHHLHHHHLHLHLHLhllllhllhhlhhllhlhll
        2250000<LLLLLLLLHHHLLLHHHHLHHHHLHLHLHLhllllhllhhlhhllhlhll
        2260000<HLLLLLLLHHHLLLHHHHLHHHHLHLHLHLhllllhllhhlhhllhlhll
        2270000<LLLLLLLLHHHLLLHHHHLHHHHLHLHLHLhllllhllhhlhhllhlhll
        2280000<HLLLLLLLHHHLLLHHHHLHHHHLHLHLHLhllllhllhhlhhllhlhll
        2290000<LLLLLLLLHHHLLLHHHHLHHHHLHLHLHLhllllhllhhlhhllhlhll
        2300000<HLLLLLLLHHHLLLHHHHLHHHHLHLHLHLhllllhllhhlhhllhlhll
        2300200<HLHLLLLLHHHLLLHHHHLHHHHLHLHLHLhllllhllhhlhhllhlhll
        2310000<LLHLLLLLHHHLLLHHHHLHHHHLHLHLHLhllllhllhhlhhllhlhll
        2320000<HLHLLLLLHHHLLLHHHHLHHHHLHLHLHLhllllhllhhlhhllhlhll
        2330000<LLHLLLLLHHHLLLHHHHLHHHHLHLHLHLhllllhllhhlhhllhlhll
        2340000<HLHLLLLLHHHLLLHHHHLHHHHLHLHLHLhllllhllhhlhhllhlhll
        2350000<LLHLLLLLHHHLLLHHHHLHHHHLHLHLHLhllllhllhhlhhllhlhll
        2360000<HLHLLLLLHHHLLLHHHHLHHHHLHLHLHLhllllhllhhlhhllhlhll
        2370000<LLHLLLLLHHHLLLHHHHLHHHHLHLHLHLhllllhllhhlhhllhlhll
        2380000<HLHLLLLLHHHLLLHHHHLHHHHLHLHLHLhllllhllhhlhhllhlhll
        2390000<LLHLLLLLHHHLLLHHHHLHHHHLHLHLHLhllllhllhhlhhllhlhll
        2400000<HLHLLLLLHHHLLLHHHHLHHHHLHLHLHLhllllhllhhlhhllhlhll
        2400200<HLLLLLLLHHHLLLHHHHLHHHHLHLHLHLhllllhllhhlhhllhlhll
        2410000<LLLLLLLLHHHLLLHHHHLHHHHLHLHLHLhllllhllhhlhhllhlhll
        2420000<HLLLLLLLHHHLLLHHHHLHHHHLHLHLHLhllhhlllhhlhhlllllll
        2430000<LLLLLLLLHHHLLLHHHHLHHHHLHLHLHLhllhhlllhhlhhlllllll
        2440000<HLLLLLLLHHHLLLHHHHLHHHHLHLHLHLhllhhlllhhlhhlllllll
        2450000<LLLLLLLLHHHLLLHHHHLHHHHLHLHLHLhllhhlllhhlhhlllllll
        2450200<LLHLLLLLHHHLLLHHHHLHHHHLHLHLHLhllhhlllhhlhhlllllll
        2460000<HLHLLLLLHHHLLLHHHHLHHHHLHLHLHLhllhhlllhhlhhlllllll
        2470000<LLHLLLLLHHHLLLHHHHLHHHHLHLHLHLhllhhlllhhlhhlllllll
        2480000<HLHLLLLLHHHLLLHHHHLHHHHLHLHLHLhllhhlllhhlhhlllllll
        2490000<LLHLLLLLHHHLLLHHHHLHHHHLHLHLHLhllhhlllhhlhhlllllll
        2500000<HLHLLLLLHHHLLLHHHHLHHHHLHLHLHLhllhhlllhhlhhlllllll
        2510000<LLHLLLLLHHHLLLHHHHLHHHHLHLHLHLhllhhlllhhlhhlllllll
        2520000<HLHLLLLLHHHLLLHHHHLHHHHLHLHLHLhllhhlllhhlhhlllllll
        2530000<LLHLLLLLHHHLLLHHHHLHHHHLHLHLHLhllhhlllhhlhhlllllll
        2540000<HLHLLLLLHHHLLLHHHHLHHHHLHLHLHLhllhhlllhhlhhlllllll
        2550000<LLHLLLLLHHHLLLHHHHLHHHHLHLHLHLhllhhlllhhlhhlllllll
        2560000<HLHLLLLLHHHLLLHHHHLHHHHLHLHLHLhllhhlllhhlhhlllllll
        2570000<LLHLLLLLHHHLLLHHHHLHHHHLHLHLHLhllhhlllhhlhhlllllll
        2580000<HLHLLLLLHHHLLLHHHHLHHHHLHLHLHLhllhhlllhhlhhlllllll
        2590000<LLHLLLLLHHHLLLHHHHLHHHHLHLHLHLhllhhlllhhlhhlllllll
        2590200<LLLLLLLLHHHLLLHHHHLHHHHLHLHLHLhllhhlllhhlhhlllllll
        2600000<HLLLLLLLHHHLLLHHHHLHHHHLHLHLHLhlhllhllhhlhhlllllll
        2610000<LLLLLLLLHHHLLLHHHHLHHHHLHLHLHLhlhllhllhhlhhlllllll
        2610500<LHLLLLLLHHHLLLHHHHLHHHHLHLHLHLhlhllhllhhlhhlllllll
        2620000<HHLLLLLLHHHLLLHHHHLHHHHLHLHLHLllhlhlhlhhlhhlllllll
        2630000<LHLLLLLLHHHLLLHHHHLHHHHLHLHLHLllhlhlhlhhlhhlllllll
        2640000<HHLLLLLLHHHLLLHHHHLHHHHLHLHLHLllhlhlhlhhlhhlllllll
        2650000<LHLLLLLLHHHLLLHHHHLHHHHLHLHLHLllhlhlhlhhlhhlllllll
        2660000<HHLLLLLLHHHLLLHHHHLHHHHLHLHLHLllhlhlhlhhlhhlllllll
        2670000<LHLLLLLLHHHLLLHHHHLHHHHLHLHLHLllhlhlhlhhlhhlllllll
        2680000<HHLLLLLLHHHLLLHHHHLHHHHLHLHLHLllhlhlhlhhlhhlllllll
        2690000<LHLLLLLLHHHLLLHHHHLHHHHLHLHLHLllhlhlhlhhlhhlllllll
        2700000<HHLLLLLLHHHLLLHHHHLHHHHLHLHLHLllhlhlhlhhlhhlllllll
        2710000<LHLLLLLLHHHLLLHHHHLHHHHLHLHLHLllhlhlhlhhlhhlllllll
        2720000<HHLLLLLLHHHLLLHHHHLHHHHLHLHLHLllhlhlhlhhlhhlllllll
        2730000<LHLLLLLLHHHLLLHHHHLHHHHLHLHLHLllhlhlhlhhlhhlllllll
        2740000<HHLLLLLLHHHLLLHHHHLHHHHLHLHLHLllhlhlhlhhlhhlllllll
        2750000<LHLLLLLLHHHLLLHHHHLHHHHLHLHLHLllhlhlhlhhlhhlllllll
        2760000<HHLLLLLLHHHLLLHHHHLHHHHLHLHLHLllhlhlhlhhlhhlllllll
        2770000<LHLLLLLLHHHLLLHHHHLHHHHLHLHLHLllhlhlhlhhlhhlllllll
        2780000<HHLLLLLLHHHLLLHHHHLHHHHLHLHLHLllhlhlhlhhlhhlllllll
        2790000<LHLLLLLLHHHLLLHHHHLHHHHLHLHLHLllhlhlhlhhlhhlllllll
        2800000<HHLLLLLLHHHLLLHHHHLHHHHLHLHLHLllhlhlhlhhlhhlllllll
        2810000<LHLLLLLLHHHLLLHHHHLHHHHLHLHLHLllhlhlhlhhlhhlllllll
        2820000<HHLLLLLLHHHLLLHHHHLHHHHLHLHLHLllhlhlhlhhlhhlllllll
        2830000<LHLLLLLLHHHLLLHHHHLHHHHLHLHLHLllhlhlhlhhlhhlllllll
        2840000<HHLLLLLLHHHLLLHHHHLHHHHLHLHLHLllhlhlhlhhlhhlllllll
        2850000<LHLLLLLLHHHLLLHHHHLHHHHLHLHLHLllhlhlhlhhlhhlllllll
        2860000<HHLLLLLLHHHLLLHHHHLHHHHLHLHLHLllhlhlhlhhlhhlllllll
        2870000<LHLLLLLLHHHLLLHHHHLHHHHLHLHLHLllhlhlhlhhlhhlllllll
        2880000<HHLLLLLLHHHLLLHHHHLHHHHLHLHLHLllhlhlhlhhlhhlllllll
        2890000<LHLLLLLLHHHLLLHHHHLHHHHLHLHLHLllhlhlhlhhlhhlllllll
        2900000<HHLLLLLLHHHLLLHHHHLHHHHLHLHLHLllhlhlhlhhlhhlllllll
        2910000<LHLLLLLLHHHLLLHHHHLHHHHLHLHLHLllhlhlhlhhlhhlllllll
        2920000<HHLLLLLLHHHLLLHHHHLHHHHLHLHLHLllhlhlhlhhlhhlllllll
        2930000<LHLLLLLLHHHLLLHHHHLHHHHLHLHLHLllhlhlhlhhlhhlllllll
        2940000<HHLLLLLLHHHLLLHHHHLHHHHLHLHLHLllhlhlhlhhlhhlllllll
        2950000<LHLLLLLLHHHLLLHHHHLHHHHLHLHLHLllhlhlhlhhlhhlllllll
        2960000<HHLLLLLLHHHLLLHHHHLHHHHLHLHLHLllhlhlhlhhlhhlllllll
        2970000<LHLLLLLLHHHLLLHHHHLHHHHLHLHLHLllhlhlhlhhlhhlllllll
        2980000<HHLLLLLLHHHLLLHHHHLHHHHLHLHLHLllhlhlhlhhlhhlllllll
        2990000<LHLLLLLLHHHLLLHHHHLHHHHLHLHLHLllhlhlhlhhlhhlllllll
        3000000<HHLLLHLHHHHLLLHHHHLHHHHLHLHLHLllhlhlhlhhlhhlllllll


