# Tabular Link File created on Tue 13 Jan 2015 21:39:10
# By Program: design_flow
# From Source: /home/jvanuffelen/tijd/tijd.lst
# Clock_column: 0
INP clk;
INP reset;
INP uren_5_0_5;
INP uren_5_0_4;
INP uren_5_0_3;
INP uren_5_0_2;
INP uren_5_0_1;
INP uren_5_0_0;
INP minuten_6_0_6;
INP minuten_6_0_5;
INP minuten_6_0_4;
INP minuten_6_0_3;
INP minuten_6_0_2;
INP minuten_6_0_1;
INP minuten_6_0_0;
OUT x_6_0_6;
OUT x_6_0_5;
OUT x_6_0_4;
OUT x_6_0_3;
OUT x_6_0_2;
OUT x_6_0_1;
OUT x_6_0_0;
OUT y_5_0_5;
OUT y_5_0_4;
OUT y_5_0_3;
OUT y_5_0_2;
OUT y_5_0_1;
OUT y_5_0_0;
OUT c_6_0_6;
OUT c_6_0_5;
OUT c_6_0_4;
OUT c_6_0_3;
OUT c_6_0_2;
OUT c_6_0_1;
OUT c_6_0_0;
INP ready;
INP hz_sig;
PERIOD 200ns;
TIME_UNIT 1.0e-10s;
TABLE_FORMAT D<37c;
DATA_SECTION
             00<HHHLLHHHHLLHLLHllllllllllllllllllllLH
           1000<LHHLLHHHHLLHLLHllllllllllllllllllllLH
           2000<HHHLLHHHHLLHLLHllllllllllllllllllllLH
           3000<LLHLLHHHHLLHLLHllllllllllllllllllllLH
           4000<HLHLLHHHHLLHLLHllhlhlhllllhhllllhllLH
           5000<LLHLLHHHHLLHLLHllhlhlhllllhhllllhllLH
           6000<HLHLLHHHHLLHLLHllhlhlhllllhhllllhllHH
           7000<LLHLLHHHHLLHLLHllhlhlhllllhhllllhllHH
           8000<HLHLLHHHHLLHLLHllhlhlhllllhhllllhllHH
           9000<LLHLLHHHHLLHLLHllhlhlhllllhhllllhllHH
          10000<HLHLLHHHHLLHLLHllhlhlhllllhhllllhllHH
          11000<LLHLLHHHHLLHLLHllhlhlhllllhhllllhllHH
          12000<HLHLLHHHHLLHLLHllhlhlhllllhhllllhllLH
          13000<LLHLLHHHHLLHLLHllhlhlhllllhhllllhllLH
          14000<HLHLLHHHHLLHLLHlhllhlhllllhhlllhllhLH
          15000<LLHLLHHHHLLHLLHlhllhlhllllhhlllhllhLH
          16000<HLHLLHHHHLLHLLHlhllhlhllllhhlllhllhLH
          17000<LLHLLHHHHLLHLLHlhllhlhllllhhlllhllhLH
          18000<HLHLLHHHHLLHLLHlhllhlhllllhhlllhllhLH
          19000<LLHLLHHHHLLHLLHlhllhlhllllhhlllhllhLH
          20000<HLHLLHHHHLLHLLHlhllhlhllllhhlllhllhLH
          21000<LLHLLHHHHLLHLLHlhllhlhllllhhlllhllhLH
          22000<HLHLLHHHHLLHLLHlhllhlhllllhhlllhllhLH
          23000<LLHLLHHHHLLHLLHlhllhlhllllhhlllhllhLH
          24000<HLHLLHHHHLLHLLHlhllhlhllllhhlllhllhLH
          25000<LLHLLHHHHLLHLLHlhllhlhllllhhlllhllhLH
          26000<HLHLLHHHHLLHLLHlhllhlhllllhhlllhllhLH
          27000<LLHLLHHHHLLHLLHlhllhlhllllhhlllhllhLH
          28000<HLHLLHHHHLLHLLHlhllhlhllllhhlllhllhLH
          29000<LLHLLHHHHLLHLLHlhllhlhllllhhlllhllhLH
          30000<HLHLLHHHHLLHLLHlhllhlhllllhhlllhllhLH
          31000<LLHLLHHHHLLHLLHlhllhlhllllhhlllhllhLH
          32000<HLHLLHHHHLLHLLHlhllhlhllllhhlllhllhLH
          33000<LLHLLHHHHLLHLLHlhllhlhllllhhlllhllhLH
          34000<HLHLLHHHHLLHLLHlhllhlhllllhhlllhllhLH
          35000<LLHLLHHHHLLHLLHlhllhlhllllhhlllhllhLH
          36000<HLHLLHHHHLLHLLHlhllhlhllllhhlllhllhLH
          37000<LLHLLHHHHLLHLLHlhllhlhllllhhlllhllhLH
          38000<HLHLLHHHHLLHLLHlhllhlhllllhhlllhllhLH
          39000<LLHLLHHHHLLHLLHlhllhlhllllhhlllhllhLH
          40000<HLHLLHHHHLLHLLHlhllhlhllllhhlllhllhHH
          41000<LLHLLHHHHLLHLLHlhllhlhllllhhlllhllhHH
          42000<HLHLLHHHHLLHLLHlhllhlhllllhhlllhllhHH
          43000<LLHLLHHHHLLHLLHlhllhlhllllhhlllhllhHH
          44000<HLHLLHHHHLLHLLHlhllhlhllllhhlllhllhHH
          45000<LLHLLHHHHLLHLLHlhllhlhllllhhlllhllhHH
          46000<HLHLLHHHHLLHLLHlhllhlhllllhhlllhllhLH
          47000<LLHLLHHHHLLHLLHlhllhlhllllhhlllhllhLH
          48000<HLHLLHHHHLLHLLHlhhhlllllllhhllllhhlLH
          49000<LLHLLHHHHLLHLLHlhhhlllllllhhllllhhlLH
          50000<HLHLLHHHHLLHLLHlhhhlllllllhhllllhhlLL
          51000<LLHLLHHHHLLHLLHlhhhlllllllhhllllhhlLL
          52000<HLHLLHHHHLLHLLHlhhhlllllllhhllllhhlLL
          53000<LLHLLHHHHLLHLLHlhhhlllllllhhllllhhlLL
          54000<HLHLLHHHHLLHLLHlhhhlllllllhhllllhhlLL
          55000<LLHLLHHHHLLHLLHlhhhlllllllhhllllhhlLL
          56000<HLHLLHHHHLLHLLHlhhhlllllllhhllllhhlLL
          57000<LLHLLHHHHLLHLLHlhhhlllllllhhllllhhlLL
          58000<HLHLLHHHHLLHLLHlhhhlllllllhhllllhhlLL
          59000<LLHLLHHHHLLHLLHlhhhlllllllhhllllhhlLL
          60000<HLHLLHHHHLLHLLHlhhhlllllllhhllllhhlHL
          61000<LLHLLHHHHLLHLLHlhhhlllllllhhllllhhlHL
          62000<HLHLLHHHHLLHLLHlhhhlllllllhhllllhhlHL
          63000<LLHLLHHHHLLHLLHlhhhlllllllhhllllhhlHL
          64000<HLHLLHHHHLLHLLHlhhhlllllllhhllllhhlHL
          65000<LLHLLHHHHLLHLLHlhhhlllllllhhllllhhlHL
          66000<HLHLLHHHHLLHLLHlhhhlllllllhhllllhhlLL
          67000<LLHLLHHHHLLHLLHlhhhlllllllhhllllhhlLL
          68000<HLHLLHHHHLLHLLHhllhlllllllhhlllhlhhLL
          69000<LLHLLHHHHLLHLLHhllhlllllllhhlllhlhhLL
          70000<HLHLLHHHHLLHLLHhllhlllllllhhlllhlhhLL
          71000<LLHLLHHHHLLHLLHhllhlllllllhhlllhlhhLL
          72000<HLHLLHHHHLLHLLHhllhlllllllhhlllhlhhLL
          73000<LLHLLHHHHLLHLLHhllhlllllllhhlllhlhhLL
          74000<HLHLLHHHHLLHLLHhllhlllllllhhlllhlhhLL
          75000<LLHLLHHHHLLHLLHhllhlllllllhhlllhlhhLL
          76000<HLHLLHHHHLLHLLHhllhlllllllhhlllhlhhLL
          77000<LLHLLHHHHLLHLLHhllhlllllllhhlllhlhhLL
          78000<HLHLLHHHHLLHLLHhllhlllllllhhlllhlhhLL
          79000<LLHLLHHHHLLHLLHhllhlllllllhhlllhlhhLL
          80000<HLHLLHHHHLLHLLHhllhlllllllhhlllhlhhHL
          81000<LLHLLHHHHLLHLLHhllhlllllllhhlllhlhhHL
          82000<HLHLLHHHHLLHLLHhllhlllllllhhlllhlhhHL
          83000<LLHLLHHHHLLHLLHhllhlllllllhhlllhlhhHL
          84000<HLHLLHHHHLLHLLHhllhlllllllhhlllhlhhHL
          85000<LLHLLHHHHLLHLLHhllhlllllllhhlllhlhhHL
          86000<HLHLLHHHHLLHLLHhllhlllllllhhlllhlhhLL
          87000<LLHLLHHHHLLHLLHhllhlllllllhhlllhlhhLL
          88000<HLHLLHHHHLLHLLHllllllllllllllllllllLL
          89000<LLHLLHHHHLLHLLHllllllllllllllllllllLL
          90000<HLHLLHHHHLLHLLHllllllllllllllllllllLL
          91000<LLHLLHHHHLLHLLHllllllllllllllllllllLL
          92000<HLHLLHHHHLLHLLHllllllllllllllllllllLL
          93000<LLHLLHHHHLLHLLHllllllllllllllllllllLL
          94000<HLHLLHHHHLLHLLHllllllllllllllllllllLL
          95000<LLHLLHHHHLLHLLHllllllllllllllllllllLL
          96000<HLHLLHHHHLLHLLHllllllllllllllllllllLL
          97000<LLHLLHHHHLLHLLHllllllllllllllllllllLL
          98000<HLHLLHHHHLLHLLHllllllllllllllllllllLL
          99000<LLHLLHHHHLLHLLHllllllllllllllllllllLL
         100000<HLHLLHHHHLLHLLHllllllllllllllllllllLH
         101000<LLHLLHHHHLLHLLHllllllllllllllllllllLH
         102000<HLHLLHHHHLLHLLHlhhlhlhlllhhllllllhlLH
         103000<LLHLLHHHHLLHLLHlhhlhlhlllhhllllllhlLH
         104000<HLHLLHHHHLLHLLHlhhlhlhlllhhllllllhlLH
         105000<LLHLLHHHHLLHLLHlhhlhlhlllhhllllllhlLH
         106000<HLHLLHHHHLLHLLHlhhlhlhlllhhllllllhlLH
         107000<LLHLLHHHHLLHLLHlhhlhlhlllhhllllllhlLH
         108000<HLHLLHHHHLLHLLHlhhlhlhlllhhllllllhlLH
         109000<LLHLLHHHHLLHLLHlhhlhlhlllhhllllllhlLH
         110000<HLHLLHHHHLLHLLHlhhlhlhlllhhllllllhlHH
         111000<LLHLLHHHHLLHLLHlhhlhlhlllhhllllllhlHH
         112000<HLHLLHHHHLLHLLHlhhlhlhlllhhllllllhlHH
         113000<LLHLLHHHHLLHLLHlhhlhlhlllhhllllllhlHH
         114000<HLHLLHHHHLLHLLHlhhlhlhlllhhllllllhlHH
         115000<LLHLLHHHHLLHLLHlhhlhlhlllhhllllllhlHH
         116000<HLHLLHHHHLLHLLHlhhlhlhlllhhllllllhlLH
         117000<LLHLLHHHHLLHLLHlhhlhlhlllhhllllllhlLH
         118000<HLHLLHHHHLLHLLHllllllllllllllllllllLH
         119000<LLHLLHHHHLLHLLHllllllllllllllllllllLH
         120000<HLHLLHHHHLLHLLHllllllllllllllllllllLH
         121000<LLHLLHHHHLLHLLHllllllllllllllllllllLH
         122000<HLHLLHHHHLLHLLHllllllllllllllllllllLH
         123000<LLHLLHHHHLLHLLHllllllllllllllllllllLH
         124000<HLHLLHHHHLLHLLHllllllllllllllllllllLH
         125000<LLHLLHHHHLLHLLHllllllllllllllllllllLH
         126000<HLHLLHHHHLLHLLHllllllllllllllllllllLH
         127000<LLHLLHHHHLLHLLHllllllllllllllllllllLH
         128000<HLHLLHHHHLLHLLHllllllllllllllllllllLH
         129000<LLHLLHHHHLLHLLHllllllllllllllllllllLH
         130000<HLHLLHHHHLLHLLHllllllllllllllllllllLH
         131000<LLHLLHHHHLLHLLHllllllllllllllllllllLH
         132000<HLHLLHHHHLLHLLHllllllllllllllllllllLH
         133000<LLHLLHHHHLLHLLHllllllllllllllllllllLH
         134000<HLHLLHHHHLLHLLHllllllllllllllllllllLH
         135000<LLHLLHHHHLLHLLHllllllllllllllllllllLH
         136000<HLHLLHHHHLLHLLHllllllllllllllllllllLH
         137000<LLHLLHHHHLLHLLHllllllllllllllllllllLH
         138000<HLHLLHHHHLLHLLHllllllllllllllllllllLH
         139000<LLHLLHHHHLLHLLHllllllllllllllllllllLH
         140000<HLHLLHHHHLLHLLHllllllllllllllllllllLH
         141000<LLHLLHHHHLLHLLHllllllllllllllllllllLH
         142000<HLHLLHHHHLLHLLHllllllllllllllllllllLH
         143000<LLHLLHHHHLLHLLHllllllllllllllllllllLH
         144000<HLHLLHHHHLLHLLHllllllllllllllllllllLH
         145000<LLHLLHHHHLLHLLHllllllllllllllllllllLH
         146000<HLHLLHHHHLLHLLHllllllllllllllllllllLH
         147000<LLHLLHHHHLLHLLHllllllllllllllllllllLH
         148000<HLHLLHHHHLLHLLHllllllllllllllllllllLH
         149000<LLHLLHHHHLLHLLHllllllllllllllllllllLH
         150000<HLHLLHHHHLLHLLHllllllllllllllllllllLL
         151000<LLHLLHHHHLLHLLHllllllllllllllllllllLL
         152000<HLHLLHHHHLLHLLHllllllllllllllllllllLL
         153000<LLHLLHHHHLLHLLHllllllllllllllllllllLL
         154000<HLHLLHHHHLLHLLHllllllllllllllllllllLL
         155000<LLHLLHHHHLLHLLHllllllllllllllllllllLL
         156000<HLHLLHHHHLLHLLHllllllllllllllllllllLL
         157000<LLHLLHHHHLLHLLHllllllllllllllllllllLL
         158000<HLHLLHHHHLLHLLHllllllllllllllllllllLL
         159000<LLHLLHHHHLLHLLHllllllllllllllllllllLL
         160000<HLHLLHHHHLLHLLHllllllllllllllllllllLL
         161000<LLHLLHHHHLLHLLHllllllllllllllllllllLL
         162000<HLHLLHHHHLLHLLHllllllllllllllllllllLL
         163000<LLHLLHHHHLLHLLHllllllllllllllllllllLL
         164000<HLHLLHHHHLLHLLHllllllllllllllllllllLL
         165000<LLHLLHHHHLLHLLHllllllllllllllllllllLL
         166000<HLHLLHHHHLLHLLHllllllllllllllllllllLL
         167000<LLHLLHHHHLLHLLHllllllllllllllllllllLL
         168000<HLHLLHHHHLLHLLHllllllllllllllllllllLL
         169000<LLHLLHHHHLLHLLHllllllllllllllllllllLL
         170000<HLHLLHHHHLLHLLHllllllllllllllllllllLL
         171000<LLHLLHHHHLLHLLHllllllllllllllllllllLL
         172000<HLHLLHHHHLLHLLHllllllllllllllllllllLL
         173000<LLHLLHHHHLLHLLHllllllllllllllllllllLL
         174000<HLHLLHHHHLLHLLHllllllllllllllllllllLL
         175000<LLHLLHHHHLLHLLHllllllllllllllllllllLL
         176000<HLHLLHHHHLLHLLHllllllllllllllllllllLL
         177000<LLHLLHHHHLLHLLHllllllllllllllllllllLL
         178000<HLHLLHHHHLLHLLHllllllllllllllllllllLL
         179000<LLHLLHHHHLLHLLHllllllllllllllllllllLL
         180000<HLHLLHHHHLLHLLHllllllllllllllllllllLL
         181000<LLHLLHHHHLLHLLHllllllllllllllllllllLL
         182000<HLHLLHHHHLLHLLHllllllllllllllllllllLL
         183000<LLHLLHHHHLLHLLHllllllllllllllllllllLL
         184000<HLHLLHHHHLLHLLHllllllllllllllllllllLL
         185000<LLHLLHHHHLLHLLHllllllllllllllllllllLL
         186000<HLHLLHHHHLLHLLHllllllllllllllllllllLL
         187000<LLHLLHHHHLLHLLHllllllllllllllllllllLL
         188000<HLHLLHHHHLLHLLHllllllllllllllllllllLL
         189000<LLHLLHHHHLLHLLHllllllllllllllllllllLL
         190000<HLHLLHHHHLLHLLHllllllllllllllllllllLL
         191000<LLHLLHHHHLLHLLHllllllllllllllllllllLL
         192000<HLHLLHHHHLLHLLHllllllllllllllllllllLL
         193000<LLHLLHHHHLLHLLHllllllllllllllllllllLL
         194000<HLHLLHHHHLLHLLHllllllllllllllllllllLL
         195000<LLHLLHHHHLLHLLHllllllllllllllllllllLL
         196000<HLHLLHHHHLLHLLHllllllllllllllllllllLL
         197000<LLHLLHHHHLLHLLHllllllllllllllllllllLL
         198000<HLHLLHHHHLLHLLHllllllllllllllllllllLL
         199000<LLHLLHHHHLLHLLHllllllllllllllllllllLL
         200000<HLHLLHHHHLLHLLHllllllllllllllllllllLH
         201000<LLHLLHHHHLLHLLHllllllllllllllllllllLH
         202000<HLHLLHHHHLLHLLHlhhlhlhlllhhlllllllhLH
         203000<LLHLLHHHHLLHLLHlhhlhlhlllhhlllllllhLH
         204000<HLHLLHHHHLLHLLHlhhlhlhlllhhlllllllhLH
         205000<LLHLLHHHHLLHLLHlhhlhlhlllhhlllllllhLH
         206000<HLHLLHHHHLLHLLHlhhlhlhlllhhlllllllhLH
         207000<LLHLLHHHHLLHLLHlhhlhlhlllhhlllllllhLH
         208000<HLHLLHHHHLLHLLHlhhlhlhlllhhlllllllhLH
         209000<LLHLLHHHHLLHLLHlhhlhlhlllhhlllllllhLH
         210000<HLHLLHHHHLLHLLHlhhlhlhlllhhlllllllhLH
         211000<LLHLLHHHHLLHLLHlhhlhlhlllhhlllllllhLH
         212000<HLHLLHHHHLLHLLHlhhlhlhlllhhlllllllhLH
         213000<LLHLLHHHHLLHLLHlhhlhlhlllhhlllllllhLH
         214000<HLHLLHHHHLLHLLHlhhlhlhlllhhlllllllhLH
         215000<LLHLLHHHHLLHLLHlhhlhlhlllhhlllllllhLH
         216000<HLHLLHHHHLLHLLHlhhlhlhlllhhlllllllhHH
         217000<LLHLLHHHHLLHLLHlhhlhlhlllhhlllllllhHH
         218000<HLHLLHHHHLLHLLHlhhlhlhlllhhlllllllhHH
         219000<LLHLLHHHHLLHLLHlhhlhlhlllhhlllllllhHH
         220000<HLHLLHHHHLHLLLLlhhlhlhlllhhlllllllhHH
         221000<LLHLLHHHHLHLLLLlhhlhlhlllhhlllllllhHH
         222000<HLHLLHHHHLHLLLLlhhlhlhlllhhlllllllhLH
         223000<LLHLLHHHHLHLLLLlhhlhlhlllhhlllllllhLH
         224000<HLHLLHHHHLHLLLLllllllllllllllllllllLH
         225000<LLHLLHHHHLHLLLLllllllllllllllllllllLH
         226000<HLHLLHHHHLHLLLLllhlhlhllllhhllllhllLH
         227000<LLHLLHHHHLHLLLLllhlhlhllllhhllllhllLH
         228000<HLHLLHHHHLHLLLLllhlhlhllllhhllllhllLH
         229000<LLHLLHHHHLHLLLLllhlhlhllllhhllllhllLH
         230000<HLHLLHHHHLHLLLLllhlhlhllllhhllllhllLH
         231000<LLHLLHHHHLHLLLLllhlhlhllllhhllllhllLH
         232000<HLHLLHHHHLHLLLLllhlhlhllllhhllllhllLH
         233000<LLHLLHHHHLHLLLLllhlhlhllllhhllllhllLH
         234000<HLHLLHHHHLHLLLLllhlhlhllllhhllllhllLH
         235000<LLHLLHHHHLHLLLLllhlhlhllllhhllllhllLH
         236000<HLHLLHHHHLHLLLLllhlhlhllllhhllllhllLH
         237000<LLHLLHHHHLHLLLLllhlhlhllllhhllllhllLH
         238000<HLHLLHHHHLHLLLLllhlhlhllllhhllllhllLH
         239000<LLHLLHHHHLHLLLLllhlhlhllllhhllllhllLH
         240000<HLHLLHHHHLHLLLLllhlhlhllllhhllllhllLH
         241000<LLHLLHHHHLHLLLLllhlhlhllllhhllllhllLH
         242000<HLHLLHHHHLHLLLLllhlhlhllllhhllllhllLH
         243000<LLHLLHHHHLHLLLLllhlhlhllllhhllllhllLH
         244000<HLHLLHHHHLHLLLLllhlhlhllllhhllllhllLH
         245000<LLHLLHHHHLHLLLLllhlhlhllllhhllllhllLH
         246000<HLHLLHHHHLHLLLLllhlhlhllllhhllllhllLH
         247000<LLHLLHHHHLHLLLLllhlhlhllllhhllllhllLH
         248000<HLHLLHHHHLHLLLLllhlhlhllllhhllllhllLH
         249000<LLHLLHHHHLHLLLLllhlhlhllllhhllllhllLH
         250000<HLHLLHHHHLHLLLLllhlhlhllllhhllllhllLL
         251000<LLHLLHHHHLHLLLLllhlhlhllllhhllllhllLL
         252000<HLHLLHHHHLHLLLLllhlhlhllllhhllllhllLL
         253000<LLHLLHHHHLHLLLLllhlhlhllllhhllllhllLL
         254000<HLHLLHHHHLHLLLLllhlhlhllllhhllllhllLL
         255000<LLHLLHHHHLHLLLLllhlhlhllllhhllllhllLL
         256000<HLHLLHHHHLHLLLLllhlhlhllllhhllllhllLL
         257000<LLHLLHHHHLHLLLLllhlhlhllllhhllllhllLL
         258000<HLHLLHHHHLHLLLLllhlhlhllllhhllllhllLL
         259000<LLHLLHHHHLHLLLLllhlhlhllllhhllllhllLL
         260000<HLHLLHHHHLHLLLLllhlhlhllllhhllllhllLL
         261000<LLHLLHHHHLHLLLLllhlhlhllllhhllllhllLL
         262000<HLHLLHHHHLHLLLLllhlhlhllllhhllllhllLL
         263000<LLHLLHHHHLHLLLLllhlhlhllllhhllllhllLL
         264000<HLHLLHHHHLHLLLLllhlhlhllllhhllllhllLL
         265000<LLHLLHHHHLHLLLLllhlhlhllllhhllllhllLL
         266000<HLHLLHHHHLHLLLLllhlhlhllllhhllllhllLL
         267000<LLHLLHHHHLHLLLLllhlhlhllllhhllllhllLL
         268000<HLHLLHHHHLHLLLLllhlhlhllllhhllllhllLL
         269000<LLHLLHHHHLHLLLLllhlhlhllllhhllllhllLL
         270000<HLHLLHHHHLHLLLLllhlhlhllllhhllllhllLL
         271000<LLHLLHHHHLHLLLLllhlhlhllllhhllllhllLL
         272000<HLHLLHHHHLHLLLLllhlhlhllllhhllllhllLL
         273000<LLHLLHHHHLHLLLLllhlhlhllllhhllllhllLL
         274000<HLHLLHHHHLHLLLLllhlhlhllllhhllllhllLL
         275000<LLHLLHHHHLHLLLLllhlhlhllllhhllllhllLL
         276000<HLHLLHHHHLHLLLLllhlhlhllllhhllllhllLL
         277000<LLHLLHHHHLHLLLLllhlhlhllllhhllllhllLL
         278000<HLHLLHHHHLHLLLLllhlhlhllllhhllllhllLL
         279000<LLHLLHHHHLHLLLLllhlhlhllllhhllllhllLL
         280000<HLHLLHHHHLHLLLLllhlhlhllllhhllllhllLL
         281000<LLHLLHHHHLHLLLLllhlhlhllllhhllllhllLL
         282000<HLHLLHHHHLHLLLLllhlhlhllllhhllllhllLL
         283000<LLHLLHHHHLHLLLLllhlhlhllllhhllllhllLL
         284000<HLHLLHHHHLHLLLLllhlhlhllllhhllllhllLL
         285000<LLHLLHHHHLHLLLLllhlhlhllllhhllllhllLL
         286000<HLHLLHHHHLHLLLLllhlhlhllllhhllllhllLL
         287000<LLHLLHHHHLHLLLLllhlhlhllllhhllllhllLL
         288000<HLHLLHHHHLHLLLLllhlhlhllllhhllllhllLL
         289000<LLHLLHHHHLHLLLLllhlhlhllllhhllllhllLL
         290000<HLHLLHHHHLHLLLLllhlhlhllllhhllllhllLL
         291000<LLHLLHHHHLHLLLLllhlhlhllllhhllllhllLL
         292000<HLHLLHHHHLHLLLLllhlhlhllllhhllllhllLL
         293000<LLHLLHHHHLHLLLLllhlhlhllllhhllllhllLL
         294000<HLHLLHHHHLHLLLLllhlhlhllllhhllllhllLL
         295000<LLHLLHHHHLHLLLLllhlhlhllllhhllllhllLL
         296000<HLHLLHHHHLHLLLLllhlhlhllllhhllllhllLL
         297000<LLHLLHHHHLHLLLLllhlhlhllllhhllllhllLL
         298000<HLHLLHHHHLHLLLLllhlhlhllllhhllllhllLL
         299000<LLHLLHHHHLHLLLLllhlhlhllllhhllllhllLL
         300000<HLHLLHHHHLHLLLLllhlhlhllllhhllllhllLH
         301000<LLHLLHHHHLHLLLLllhlhlhllllhhllllhllLH
         302000<HLHLLHHHHLHLLLLllhlhlhllllhhllllhllLH
         303000<LLHLLHHHHLHLLLLllhlhlhllllhhllllhllLH
         304000<HLHLLHHHHLHLLLLllhlhlhllllhhllllhllLH
         305000<LLHLLHHHHLHLLLLllhlhlhllllhhllllhllLH
         306000<HLHLLHHHHLHLLLLllhlhlhllllhhllllhllLH
         307000<LLHLLHHHHLHLLLLllhlhlhllllhhllllhllLH
         308000<HLHLLHHHHLHLLLLllhlhlhllllhhllllhllLH
         309000<LLHLLHHHHLHLLLLllhlhlhllllhhllllhllLH
         310000<HLHLLHHHHLHLLLLllhlhlhllllhhllllhllLH
         311000<LLHLLHHHHLHLLLLllhlhlhllllhhllllhllLH
         312000<HLHLLHHHHLHLLLLllhlhlhllllhhllllhllLH
         313000<LLHLLHHHHLHLLLLllhlhlhllllhhllllhllLH
         314000<HLHLLHHHHLHLLLLllhlhlhllllhhllllhllLH
         315000<LLHLLHHHHLHLLLLllhlhlhllllhhllllhllLH
         316000<HLHLLHHHHLHLLLLllhlhlhllllhhllllhllLH
         317000<LLHLLHHHHLHLLLLllhlhlhllllhhllllhllLH
         318000<HLHLLHHHHLHLLLLllhlhlhllllhhllllhllLH
         319000<LLHLLHHHHLHLLLLllhlhlhllllhhllllhllLH
         320000<HLHLLHHHHLHLLLLllhlhlhllllhhllllhllLH
         321000<LLHLLHHHHLHLLLLllhlhlhllllhhllllhllLH
         322000<HLHLLHHHHLHLLLLllhlhlhllllhhllllhllLH
         323000<LLHLLHHHHLHLLLLllhlhlhllllhhllllhllLH
         324000<HLHLLHHHHLHLLLLllhlhlhllllhhllllhllLH
         325000<LLHLLHHHHLHLLLLllhlhlhllllhhllllhllLH
         326000<HLHLLHHHHLHLLLLllhlhlhllllhhllllhllLH
         327000<LLHLLHHHHLHLLLLllhlhlhllllhhllllhllLH
         328000<HLHLLHHHHLHLLLLllhlhlhllllhhllllhllLH
         329000<LLHLLHHHHLHLLLLllhlhlhllllhhllllhllLH
         330000<HLHLLHHHHLHLLLLllhlhlhllllhhllllhllLH
         331000<LLHLLHHHHLHLLLLllhlhlhllllhhllllhllLH
         332000<HLHLLHHHHLHLLLLllhlhlhllllhhllllhllLH
         333000<LLHLLHHHHLHLLLLllhlhlhllllhhllllhllLH
         334000<HLHLLHHHHLHLLLLllhlhlhllllhhllllhllLH
         335000<LLHLLHHHHLHLLLLllhlhlhllllhhllllhllLH
         336000<HLHLLHHHHLHLLLLllhlhlhllllhhllllhllLH
         337000<LLHLLHHHHLHLLLLllhlhlhllllhhllllhllLH
         338000<HLHLLHHHHLHLLLLllhlhlhllllhhllllhllLH
         339000<LLHLLHHHHLHLLLLllhlhlhllllhhllllhllLH
         340000<HLHLLHHHHLHLLLLllhlhlhllllhhllllhllLH
         341000<LLHLLHHHHLHLLLLllhlhlhllllhhllllhllLH
         342000<HLHLLHHHHLHLLLLllhlhlhllllhhllllhllLH
         343000<LLHLLHHHHLHLLLLllhlhlhllllhhllllhllLH
         344000<HLHLLHHHHLHLLLLllhlhlhllllhhllllhllLH
         345000<LLHLLHHHHLHLLLLllhlhlhllllhhllllhllLH
         346000<HLHLLHHHHLHLLLLllhlhlhllllhhllllhllLH
         347000<LLHLLHHHHLHLLLLllhlhlhllllhhllllhllLH
         348000<HLHLLHHHHLHLLLLllhlhlhllllhhllllhllLH
         349000<LLHLLHHHHLHLLLLllhlhlhllllhhllllhllLH
         350000<HLHLLHHHHLHLLLLllhlhlhllllhhllllhllLL
         351000<LLHLLHHHHLHLLLLllhlhlhllllhhllllhllLL
         352000<HLHLLHHHHLHLLLLllhlhlhllllhhllllhllLL
         353000<LLHLLHHHHLHLLLLllhlhlhllllhhllllhllLL
         354000<HLHLLHHHHLHLLLLllhlhlhllllhhllllhllLL
         355000<LLHLLHHHHLHLLLLllhlhlhllllhhllllhllLL
         356000<HLHLLHHHHLHLLLLllhlhlhllllhhllllhllLL
         357000<LLHLLHHHHLHLLLLllhlhlhllllhhllllhllLL
         358000<HLHLLHHHHLHLLLLllhlhlhllllhhllllhllLL
         359000<LLHLLHHHHLHLLLLllhlhlhllllhhllllhllLL
         360000<HLHLLHHHHLHLLLLllhlhlhllllhhllllhllLL
         361000<LLHLLHHHHLHLLLLllhlhlhllllhhllllhllLL
         362000<HLHLLHHHHLHLLLLllhlhlhllllhhllllhllLL
         363000<LLHLLHHHHLHLLLLllhlhlhllllhhllllhllLL
         364000<HLHLLHHHHLHLLLLllhlhlhllllhhllllhllLL
         365000<LLHLLHHHHLHLLLLllhlhlhllllhhllllhllLL
         366000<HLHLLHHHHLHLLLLllhlhlhllllhhllllhllLL
         367000<LLHLLHHHHLHLLLLllhlhlhllllhhllllhllLL
         368000<HLHLLHHHHLHLLLLllhlhlhllllhhllllhllLL
         369000<LLHLLHHHHLHLLLLllhlhlhllllhhllllhllLL
         370000<HLHLLHHHHLHLLLLllhlhlhllllhhllllhllLL
         371000<LLHLLHHHHLHLLLLllhlhlhllllhhllllhllLL
         372000<HLHLLHHHHLHLLLLllhlhlhllllhhllllhllLL
         373000<LLHLLHHHHLHLLLLllhlhlhllllhhllllhllLL
         374000<HLHLLHHHHLHLLLLllhlhlhllllhhllllhllLL
         375000<LLHLLHHHHLHLLLLllhlhlhllllhhllllhllLL
         376000<HLHLLHHHHLHLLLLllhlhlhllllhhllllhllLL
         377000<LLHLLHHHHLHLLLLllhlhlhllllhhllllhllLL
         378000<HLHLLHHHHLHLLLLllhlhlhllllhhllllhllLL
         379000<LLHLLHHHHLHLLLLllhlhlhllllhhllllhllLL
         380000<HLHLLHHHHLHLLLLllhlhlhllllhhllllhllLL
         381000<LLHLLHHHHLHLLLLllhlhlhllllhhllllhllLL
         382000<HLHLLHHHHLHLLLLllhlhlhllllhhllllhllLL
         383000<LLHLLHHHHLHLLLLllhlhlhllllhhllllhllLL
         384000<HLHLLHHHHLHLLLLllhlhlhllllhhllllhllLL
         385000<LLHLLHHHHLHLLLLllhlhlhllllhhllllhllLL
         386000<HLHLLHHHHLHLLLLllhlhlhllllhhllllhllLL
         387000<LLHLLHHHHLHLLLLllhlhlhllllhhllllhllLL
         388000<HLHLLHHHHLHLLLLllhlhlhllllhhllllhllLL
         389000<LLHLLHHHHLHLLLLllhlhlhllllhhllllhllLL
         390000<HLHLLHHHHLHLLLLllhlhlhllllhhllllhllLL
         391000<LLHLLHHHHLHLLLLllhlhlhllllhhllllhllLL
         392000<HLHLLHHHHLHLLLLllhlhlhllllhhllllhllLL
         393000<LLHLLHHHHLHLLLLllhlhlhllllhhllllhllLL
         394000<HLHLLHHHHLHLLLLllhlhlhllllhhllllhllLL
         395000<LLHLLHHHHLHLLLLllhlhlhllllhhllllhllLL
         396000<HLHLLHHHHLHLLLLllhlhlhllllhhllllhllLL
         397000<LLHLLHHHHLHLLLLllhlhlhllllhhllllhllLL
         398000<HLHLLHHHHLHLLLLllhlhlhllllhhllllhllLL
         399000<LLHLLHHHHLHLLLLllhlhlhllllhhllllhllLL
         400000<HLHLLHHHHLHLLLLllhlhlhllllhhllllhllLH


