# Tabular Link File created on Sun 11 Jan 2015 17:29:22
# By Program: design_flow
# From Source: /home/jvanuffelen/wektijd/wektijd.lst
# Clock_column: 0
INP clk;
INP reset;
INP ready;
INP menu_2_0_2;
INP menu_2_0_1;
INP menu_2_0_0;
INP wektijd_uren_5_0_5;
INP wektijd_uren_5_0_4;
INP wektijd_uren_5_0_3;
INP wektijd_uren_5_0_2;
INP wektijd_uren_5_0_1;
INP wektijd_uren_5_0_0;
INP wektijd_min_6_0_6;
INP wektijd_min_6_0_5;
INP wektijd_min_6_0_4;
INP wektijd_min_6_0_3;
INP wektijd_min_6_0_2;
INP wektijd_min_6_0_1;
INP wektijd_min_6_0_0;
OUT x_6_0_6;
OUT x_6_0_5;
OUT x_6_0_4;
OUT x_6_0_3;
OUT x_6_0_2;
OUT x_6_0_1;
OUT x_6_0_0;
OUT y_5_0_5;
OUT y_5_0_4;
OUT y_5_0_3;
OUT y_5_0_2;
OUT y_5_0_1;
OUT y_5_0_0;
OUT c_6_0_6;
OUT c_6_0_5;
OUT c_6_0_4;
OUT c_6_0_3;
OUT c_6_0_2;
OUT c_6_0_1;
OUT c_6_0_0;
PERIOD 200ns;
TIME_UNIT 1.0e-10s;
TABLE_FORMAT D<39c;
DATA_SECTION
             00<HHLLLLHLLHHHHLLHLLHllllllllllllllllllll
           1000<LHLLLLHLLHHHHLLHLLHllllllllllllllllllll
           2000<HLLLLLHLLHHHHLLHLLHllllllllllllllllllll
           3000<LLLLLLHLLHHHHLLHLLHllllllllllllllllllll
           4000<HLLLLLHLLHHHHLLHLLHllllllllllllllllllll
           5000<LLLLLLHLLHHHHLLHLLHllllllllllllllllllll
           6000<HLHLLLHLLHHHHLLHLLHllllllllllllllllllll
           7000<LLHLLLHLLHHHHLLHLLHllllllllllllllllllll
           8000<HLHLLLHLLHHHHLLHLLHllllllllllllllllllll
           9000<LLHLLLHLLHHHHLLHLLHllllllllllllllllllll
          10000<HLHLLLHLLHHHHLLHLLHllllllllllllllllllll
          11000<LLHLLLHLLHHHHLLHLLHllllllllllllllllllll
          12000<HLLLLLHLLHHHHLLHLLHllllllllllllllllllll
          13000<LLLLLLHLLHHHHLLHLLHllllllllllllllllllll
          14000<HLLLLLHLLHHHHLLHLLHllllllllllllllllllll
          15000<LLLLHLHLLHHHHLLHLLHllllllllllllllllllll
          16000<HLLLHLHLLHHHHLLHLLHhlhhhlllhllhllllllhl
          17000<LLLLHLHLLHHHHLLHLLHhlhhhlllhllhllllllhl
          18000<HLLLHLHLLHHHHLLHLLHhlhhhlllhllhllllllhl
          19000<LLLLHLHLLHHHHLLHLLHhlhhhlllhllhllllllhl
          20000<HLLLHLHLLHHHHLLHLLHhlhhhlllhllhllllllhl
          21000<LLLLHLHLLHHHHLLHLLHhlhhhlllhllhllllllhl
          22000<HLLLHLHLLHHHHLLHLLHhlhhhlllhllhllllllhl
          23000<LLLLHLHLLHHHHLLHLLHhlhhhlllhllhllllllhl
          24000<HLLLHLHLLHHHHLLHLLHhlhhhlllhllhllllllhl
          25000<LLLLHLHLLHHHHLLHLLHhlhhhlllhllhllllllhl
          26000<HLLLHLHLLHHHHLLHLLHhlhhhlllhllhllllllhl
          27000<LLLLHLHLLHHHHLLHLLHhlhhhlllhllhllllllhl
          28000<HLLLHLHLLHHHHLLHLLHhlhhhlllhllhllllllhl
          29000<LLLLHLHLLHHHHLLHLLHhlhhhlllhllhllllllhl
          30000<HLLLHLHLLHHHHLLHLLHhlhhhlllhllhllllllhl
          31000<LLLLHLHLLHHHHLLHLLHhlhhhlllhllhllllllhl
          32000<HLLLHLHLLHHHHLLHLLHhlhhhlllhllhllllllhl
          33000<LLLLHLHLLHHHHLLHLLHhlhhhlllhllhllllllhl
          34000<HLLLHLHLLHHHHLLHLLHhlhhhlllhllhllllllhl
          35000<LLLLHLHLLHHHHLLHLLHhlhhhlllhllhllllllhl
          36000<HLLLHLHLLHHHHLLHLLHhlhhhlllhllhllllllhl
          37000<LLLLHLHLLHHHHLLHLLHhlhhhlllhllhllllllhl
          38000<HLLLHLHLLHHHHLLHLLHhlhhhlllhllhllllllhl
          39000<LLLLHLHLLHHHHLLHLLHhlhhhlllhllhllllllhl
          40000<HLHLHLHLLHHHHLLHLLHhlhhhlllhllhllllllhl
          41000<LLHLHLHLLHHHHLLHLLHhlhhhlllhllhllllllhl
          42000<HLHLHLHLLHHHHLLHLLHhlhhhlllhllhllllllhl
          43000<LLHLHLHLLHHHHLLHLLHhlhhhlllhllhllllllhl
          44000<HLHLHLHLLHHHHLLHLLHhlhhhlllhllhllllllhl
          45000<LLHLHLHLLHHHHLLHLLHhlhhhlllhllhllllllhl
          46000<HLLLHLHLLHHHHLLHLLHhlhhhlllhllhllllllhl
          47000<LLLLHLHLLHHHHLLHLLHhlhhhlllhllhllllllhl
          48000<HLLLHLHLLHHHHLLHLLHhhlllhllhllhlllllhhh
          49000<LLLLHLHLLHHHHLLHLLHhhlllhllhllhlllllhhh
          50000<HLLLHLHLLHHHHLLHLLHhhlllhllhllhlllllhhh
          51000<LLLLHLHLLHHHHLLHLLHhhlllhllhllhlllllhhh
          52000<HLLLHLHLLHHHHLLHLLHhhlllhllhllhlllllhhh
          53000<LLLLHLHLLHHHHLLHLLHhhlllhllhllhlllllhhh
          54000<HLLLHLHLLHHHHLLHLLHhhlllhllhllhlllllhhh
          55000<LLLLHLHLLHHHHLLHLLHhhlllhllhllhlllllhhh
          56000<HLLLHLHLLHHHHLLHLLHhhlllhllhllhlllllhhh
          57000<LLLLHLHLLHHHHLLHLLHhhlllhllhllhlllllhhh
          58000<HLLLHLHLLHHHHLLHLLHhhlllhllhllhlllllhhh
          59000<LLLLHLHLLHHHHLLHLLHhhlllhllhllhlllllhhh
          60000<HLHLHLHLLHHHHLLHLLHhhlllhllhllhlllllhhh
          61000<LLHLHLHLLHHHHLLHLLHhhlllhllhllhlllllhhh
          62000<HLHLHLHLLHHHHLLHLLHhhlllhllhllhlllllhhh
          63000<LLHLHLHLLHHHHLLHLLHhhlllhllhllhlllllhhh
          64000<HLHLHLHLLHHHHLLHLLHhhlllhllhllhlllllhhh
          65000<LLHLHLHLLHHHHLLHLLHhhlllhllhllhlllllhhh
          66000<HLLLHLHLLHHHHLLHLLHhhlllhllhllhlllllhhh
          67000<LLLLHLHLLHHHHLLHLLHhhlllhllhllhlllllhhh
          68000<HLLLHLHLLHHHHLLHLLHhhlhlhllhllhlllllhll
          69000<LLLLHLHLLHHHHLLHLLHhhlhlhllhllhlllllhll
          70000<HLLLHLHLLHHHHLLHLLHhhlhlhllhllhlllllhll
          71000<LLLLHLHLLHHHHLLHLLHhhlhlhllhllhlllllhll
          72000<HLLLHLHLLHHHHLLHLLHhhlhlhllhllhlllllhll
          73000<LLLLHLHLLHHHHLLHLLHhhlhlhllhllhlllllhll
          74000<HLLLHLHLLHHHHLLHLLHhhlhlhllhllhlllllhll
          75000<LLLLHLHLLHHHHLLHLLHhhlhlhllhllhlllllhll
          76000<HLLLHLHLLHHHHLLHLLHhhlhlhllhllhlllllhll
          77000<LLLLHLHLLHHHHLLHLLHhhlhlhllhllhlllllhll
          78000<HLLLHLHLLHHHHLLHLLHhhlhlhllhllhlllllhll
          79000<LLLLHLHLLHHHHLLHLLHhhlhlhllhllhlllllhll
          80000<HLHLHLHLLHHHHLLHLLHhhlhlhllhllhlllllhll
          81000<LLHLHLHLLHHHHLLHLLHhhlhlhllhllhlllllhll
          82000<HLHLHLHLLHHHHLLHLLHhhlhlhllhllhlllllhll
          83000<LLHLHLHLLHHHHLLHLLHhhlhlhllhllhlllllhll
          84000<HLHLHLHLLHHHHLLHLLHhhlhlhllhllhlllllhll
          85000<LLHLHLHLLHHHHLLHLLHhhlhlhllhllhlllllhll
          86000<HLLLHLHLLHHHHLLHLLHhhlhlhllhllhlllllhll
          87000<LLLLHLHLLHHHHLLHLLHhhlhlhllhllhlllllhll
          88000<HLLLHLHLLHHHHLLHLLHhhhlllllhllhllllhllh
          89000<LLLLHLHLLHHHHLLHLLHhhhlllllhllhllllhllh
          90000<HLLLHLHLLHHHHLLHLLHhhhlllllhllhllllhllh
          91000<LLLLHLHLLHHHHLLHLLHhhhlllllhllhllllhllh
          92000<HLLLHLHLLHHHHLLHLLHhhhlllllhllhllllhllh
          93000<LLLLHLHLLHHHHLLHLLHhhhlllllhllhllllhllh
          94000<HLLLHLHLLHHHHLLHLLHhhhlllllhllhllllhllh
          95000<LLLLHLHLLHHHHLLHLLHhhhlllllhllhllllhllh
          96000<HLLLHLHLLHHHHLLHLLHhhhlllllhllhllllhllh
          97000<LLLLHLHLLHHHHLLHLLHhhhlllllhllhllllhllh
          98000<HLLLHLHLLHHHHLLHLLHhhhlllllhllhllllhllh
          99000<LLLLHLHLLHHHHLLHLLHhhhlllllhllhllllhllh
         100000<HLLLHLHLLHHHHLLHLLHhhhlllllhllhllllhllh
         101000<LLLLHLHLLHHHHLLHLLHhhhlllllhllhllllhllh
         102000<HLLLHLHLLHHHHLLHLLHhhhlllllhllhllllhllh
         103000<LLLLHLHLLHHHHLLHLLHhhhlllllhllhllllhllh
         104000<HLLLHLHLLHHHHLLHLLHhhhlllllhllhllllhllh
         105000<LLLLHLHLLHHHHLLHLLHhhhlllllhllhllllhllh
         106000<HLLLHLHLLHHHHLLHLLHhhhlllllhllhllllhllh
         107000<LLLLHLHLLHHHHLLHLLHhhhlllllhllhllllhllh
         108000<HLLLHLHLLHHHHLLHLLHhhhlllllhllhllllhllh
         109000<LLLLHLHLLHHHHLLHLLHhhhlllllhllhllllhllh
         110000<HLHLHLHLLHHHHLLHLLHhhhlllllhllhllllhllh
         111000<LLHLHLHLLHHHHLLHLLHhhhlllllhllhllllhllh
         112000<HLHLHLHLLHHHHLLHLLHhhhlllllhllhllllhllh
         113000<LLHLHLHLLHHHHLLHLLHhhhlllllhllhllllhllh
         114000<HLHLHLHLLHHHHLLHLLHhhhlllllhllhllllhllh
         115000<LLHLHLHLLHHHHLLHLLHhhhlllllhllhllllhllh
         116000<HLLLHLHLLHHHHLLHLLHhhhlllllhllhllllhllh
         117000<LLLLHLHLLHHHHLLHLLHhhhlllllhllhllllhllh
         118000<HLLLHLHLLHHHHLLHLLHllllllllllllllllllll
         119000<LLLLHLHLLHHHHLLHLLHllllllllllllllllllll
         120000<HLLLHLHLLHHHHLLHLLHhlhhhlllhllhllllllhl
         121000<LLLLHLHLLHHHHLLHLLHhlhhhlllhllhllllllhl
         122000<HLLLHLHLLHHHHLLHLLHhlhhhlllhllhllllllhl
         123000<LLLLHLHLLHHHHLLHLLHhlhhhlllhllhllllllhl
         124000<HLLLHLHLLHHHHLLHLLHhlhhhlllhllhllllllhl
         125000<LLLLHLHLLHHHHLLHLLHhlhhhlllhllhllllllhl
         126000<HLLLHLHLLHHHHLLHLLHhlhhhlllhllhllllllhl
         127000<LLLLHLHLLHHHHLLHLLHhlhhhlllhllhllllllhl
         128000<HLLLHLHLLHHHHLLHLLHhlhhhlllhllhllllllhl
         129000<LLLLHLHLLHHHHLLHLLHhlhhhlllhllhllllllhl
         130000<HLLLHLHLLHHHHLLHLLHhlhhhlllhllhllllllhl
         131000<LLLLHLHLLHHHHLLHLLHhlhhhlllhllhllllllhl
         132000<HLLLHLHLLHHHHLLHLLHhlhhhlllhllhllllllhl
         133000<LLLLHLHLLHHHHLLHLLHhlhhhlllhllhllllllhl
         134000<HLLLHLHLLHHHHLLHLLHhlhhhlllhllhllllllhl
         135000<LLLLHLHLLHHHHLLHLLHhlhhhlllhllhllllllhl
         136000<HLLLHLHLLHHHHLLHLLHhlhhhlllhllhllllllhl
         137000<LLLLHLHLLHHHHLLHLLHhlhhhlllhllhllllllhl
         138000<HLLLHLHLLHHHHLLHLLHhlhhhlllhllhllllllhl
         139000<LLLLHLHLLHHHHLLHLLHhlhhhlllhllhllllllhl
         140000<HLLLHLHLLHHHHLLHLLHhlhhhlllhllhllllllhl
         141000<LLLLHLHLLHHHHLLHLLHhlhhhlllhllhllllllhl
         142000<HLLLHLHLLHHHHLLHLLHhlhhhlllhllhllllllhl
         143000<LLLLHLHLLHHHHLLHLLHhlhhhlllhllhllllllhl
         144000<HLLLHLHLLHHHHLLHLLHhlhhhlllhllhllllllhl
         145000<LLLLHLHLLHHHHLLHLLHhlhhhlllhllhllllllhl
         146000<HLLLHLHLLHHHHLLHLLHhlhhhlllhllhllllllhl
         147000<LLLLHLHLLHHHHLLHLLHhlhhhlllhllhllllllhl
         148000<HLLLHLHLLHHHHLLHLLHhlhhhlllhllhllllllhl
         149000<LLLLHLHLLHHHHLLHLLHhlhhhlllhllhllllllhl
         150000<HLLLHLHLLHHHHLLHLLHhlhhhlllhllhllllllhl
         151000<LLLLHLHLLHHHHLLHLLHhlhhhlllhllhllllllhl
         152000<HLLLHLHLLHHHHLLHLLHhlhhhlllhllhllllllhl
         153000<LLLLHLHLLHHHHLLHLLHhlhhhlllhllhllllllhl
         154000<HLLLHLHLLHHHHLLHLLHhlhhhlllhllhllllllhl
         155000<LLLLHLHLLHHHHLLHLLHhlhhhlllhllhllllllhl
         156000<HLLLHLHLLHHHHLLHLLHhlhhhlllhllhllllllhl
         157000<LLLLHLHLLHHHHLLHLLHhlhhhlllhllhllllllhl
         158000<HLLLHLHLLHHHHLLHLLHhlhhhlllhllhllllllhl
         159000<LLLLHLHLLHHHHLLHLLHhlhhhlllhllhllllllhl
         160000<HLLLHLHLLHHHHLLHLLHhlhhhlllhllhllllllhl
         161000<LLLLHLHLLHHHHLLHLLHhlhhhlllhllhllllllhl
         162000<HLLLHLHLLHHHHLLHLLHhlhhhlllhllhllllllhl
         163000<LLLLHLHLLHHHHLLHLLHhlhhhlllhllhllllllhl
         164000<HLLLHLHLLHHHHLLHLLHhlhhhlllhllhllllllhl
         165000<LLLLHLHLLHHHHLLHLLHhlhhhlllhllhllllllhl
         166000<HLLLHLHLLHHHHLLHLLHhlhhhlllhllhllllllhl
         167000<LLLLHLHLLHHHHLLHLLHhlhhhlllhllhllllllhl
         168000<HLLLHLHLLHHHHLLHLLHhlhhhlllhllhllllllhl
         169000<LLLLHLHLLHHHHLLHLLHhlhhhlllhllhllllllhl
         170000<HLLLHLHLLHHHHLLHLLHhlhhhlllhllhllllllhl
         171000<LLLLHLHLLHHHHLLHLLHhlhhhlllhllhllllllhl
         172000<HLLLHLHLLHHHHLLHLLHhlhhhlllhllhllllllhl
         173000<LLLLHLHLLHHHHLLHLLHhlhhhlllhllhllllllhl
         174000<HLLLHLHLLHHHHLLHLLHhlhhhlllhllhllllllhl
         175000<LLLLHLHLLHHHHLLHLLHhlhhhlllhllhllllllhl
         176000<HLLLHLHLLHHHHLLHLLHhlhhhlllhllhllllllhl
         177000<LLLLHLHLLHHHHLLHLLHhlhhhlllhllhllllllhl
         178000<HLLLHLHLLHHHHLLHLLHhlhhhlllhllhllllllhl
         179000<LLLLHLHLLHHHHLLHLLHhlhhhlllhllhllllllhl
         180000<HLLLHLHLLHHHHLLHLLHhlhhhlllhllhllllllhl
         181000<LLLLHLHLLHHHHLLHLLHhlhhhlllhllhllllllhl
         182000<HLLLHLHLLHHHHLLHLLHhlhhhlllhllhllllllhl
         183000<LLLLHLHLLHHHHLLHLLHhlhhhlllhllhllllllhl
         184000<HLLLHLHLLHHHHLLHLLHhlhhhlllhllhllllllhl
         185000<LLLLHLHLLHHHHLLHLLHhlhhhlllhllhllllllhl
         186000<HLLLHLHLLHHHHLLHLLHhlhhhlllhllhllllllhl
         187000<LLLLHLHLLHHHHLLHLLHhlhhhlllhllhllllllhl
         188000<HLLLHLHLLHHHHLLHLLHhlhhhlllhllhllllllhl
         189000<LLLLHLHLLHHHHLLHLLHhlhhhlllhllhllllllhl
         190000<HLLLHLHLLHHHHLLHLLHhlhhhlllhllhllllllhl
         191000<LLLLHLHLLHHHHLLHLLHhlhhhlllhllhllllllhl
         192000<HLLLHLHLLHHHHLLHLLHhlhhhlllhllhllllllhl
         193000<LLLLHLHLLHHHHLLHLLHhlhhhlllhllhllllllhl
         194000<HLLLHLHLLHHHHLLHLLHhlhhhlllhllhllllllhl
         195000<LLLLHLHLLHHHHLLHLLHhlhhhlllhllhllllllhl
         196000<HLLLHLHLLHHHHLLHLLHhlhhhlllhllhllllllhl
         197000<LLLLHLHLLHHHHLLHLLHhlhhhlllhllhllllllhl
         198000<HLLLHLHLLHHHHLLHLLHhlhhhlllhllhllllllhl
         199000<LLLLHLHLLHHHHLLHLLHhlhhhlllhllhllllllhl
         200000<HLLLHLHLLHHHHLHLLLLhlhhhlllhllhllllllhl


